<area shape="rect" id="node3" href="$d5/d9e/_rutinas___paralelas_8hpp.html" title="Rutinas_Paralelas.hpp" alt="" coords="109,83,261,111">
<area shape="rect" id="node7" href="$d2/dbe/_vector___entero_8hpp.html" title="Vector_Entero.hpp" alt="" coords="343,547,471,575">
<area shape="rect" id="node21" href="$db/d20/_vector_8hpp.html" title="Vector.hpp" alt="" coords="236,547,319,575">
<area shape="rect" id="node29" href="$d9/d8c/_matriz___dispersa_8hpp.html" title="Matriz_Dispersa.hpp" alt="" coords="184,315,323,343">
<area shape="rect" id="node37" href="$dc/dff/_vector___disperso_8hpp.html" title="Vector_Disperso.hpp" alt="" coords="133,470,275,498">
<area shape="rect" id="node41" href="$d6/d47/_geometria2_d_8hpp.html" title="Geometria2D.hpp" alt="" coords="333,161,456,189">
<area shape="rect" id="node31" href="$d3/dfa/_matriz_8hpp.html" title="Matriz.hpp" alt="" coords="349,393,432,421">
<area shape="rect" id="node43" href="$d1/dfa/_geometria_8hpp.html" title="Geometria.hpp" alt="" coords="341,238,448,266">
<area shape="rect" id="node55" href="$d1/da5/_matriz___entera_8hpp.html" title="Matriz_Entera.hpp" alt="" coords="476,238,604,266">
<area shape="rect" id="node45" href="$da/d93/_elemento_8hpp.html" title="Elemento.hpp" alt="" coords="459,315,560,343">
<area shape="rect" id="node52" href="$de/dc7/_archivo_8hpp.html" title="Archivo.hpp" alt="" coords="347,315,435,343">
<area shape="rect" id="node47" href="$d2/dc2/_nodo__2_d_8hpp.html" title="Nodo_2D.hpp" alt="" coords="459,393,557,421">
<area shape="rect" id="node49" href="$d4/d2b/_nodo_8hpp.html" title="Nodo.hpp" alt="" coords="443,470,517,498">
