<area shape="rect" id="node3" href="$d9/daf/class_rutinas___paralelas.html#8c69adffccf5332ba7f9ccb7b9a69214" title="Almacena en una fila especifica de la matriz Datos_Elementos (id elemento, area,..." alt="" coords="233,5,532,33">
<area shape="rect" id="node9" href="$dd/d6d/class_matriz___dispersa.html#cf625f41dd5e61b1868589593495fd4d" title="Almacena en formato CSR de una entrada de tipo Matriz." alt="" coords="697,1018,972,1046">
<area shape="rect" id="node13" href="$d1/d5c/class_f_e_m2_d.html#174b590b1f85b9adcff6283333c5cc5b" title="Aporta a la matriz global A del sistema de ecuaciones los calculos del borde global..." alt="" coords="667,157,1003,185">
<area shape="rect" id="node18" href="$d5/d35/class_geometria2_d___triangulos.html#cab1fc0d604102142752e6f407c04a0d" title="Calcula el area del elemento &quot;id&quot; de la geometria." alt="" coords="705,221,964,249">
<area shape="rect" id="node25" href="$d9/d04/class_e_t_r_a_d.html#47586aa1df01f51824d809cde91a6fd1" title="Carga el archivo que contiene los datos de las fuentes." alt="" coords="303,309,463,337">
<area shape="rect" id="node30" href="$d5/d35/class_geometria2_d___triangulos.html#24c502399a98c374d5aea103051e2498" title="Carga variables fisicas del problema &#45; Dependiendo de los tipos de problemas se deben..." alt="" coords="165,258,600,286">
<area shape="rect" id="node33" href="$dd/d6d/class_matriz___dispersa.html#bcb34296bee2e4a4782cd45927058dcb" title="Retorna el numero de datos de la Matriz." alt="" coords="280,967,485,995">
<area shape="rect" id="node36" href="$d4/d09/class_matriz.html#659de37a940bb4303e53c3751f1a2c5f" title="Copia el contenido de la matriz a la matriz a." alt="" coords="333,359,432,387">
<area shape="rect" id="node38" href="$d9/d85/class_sistema___lineal.html#f87671a678c8abf8ce4c22fe7f5c0ae4" title="Redimensiona un sistema de ecuaciones representados matricialmente, indicando que..." alt="" coords="705,359,964,387">
<area shape="rect" id="node43" href="$d4/d09/class_matriz.html#ffafab976746c41efbc9b42ab0a2ce21" title="Verifica si es estrictamente dominante la matriz." alt="" coords="771,461,899,489">
<area shape="rect" id="node48" href="$d2/dee/class_archivo.html#b51ed6de092c0b3593d6a9c501544c1e" title="Escribe una matriz a un archivo." alt="" coords="304,1069,461,1097">
<area shape="rect" id="node50" href="$d2/dee/class_archivo.html#6e33983516bd0f023e8b15391f4a3cf1" title="Escribe una matriz cuadrada a un archivo." alt="" coords="276,1119,489,1147">
<area shape="rect" id="node52" href="$d9/d85/class_sistema___lineal.html#a92429bad7eab3a7098e049bc62d29a9" title="Factoriza la matriz A en L y LT dejandolas en la misma matriz." alt="" coords="735,511,935,539">
<area shape="rect" id="node55" href="$d9/d85/class_sistema___lineal.html#26bfadb6eb48dad7204072cc0cb06d00" title="Factoriza la matriz A en L y U dejandolas en la misma matriz." alt="" coords="285,663,480,691">
<area shape="rect" id="node60" href="$d5/d35/class_geometria2_d___triangulos.html#9089a85d017170b4d4d92f2810294041" title="Calcula la funcion de forma del Elemento &quot;id&quot;, funcion &quot;indice&quot;..." alt="" coords="255,866,511,894">
<area shape="rect" id="node74" href="$d5/d35/class_geometria2_d___triangulos.html#f6d61099307df293bbc657c9c021783d" title="Genera la matriz de rigidez de un elemento &quot;id&quot; de la geometria." alt="" coords="649,967,1020,995">
<area shape="rect" id="node79" href="$d1/d5c/class_f_e_m2_d.html#a724dbb683ccf08a52d014a56f4a6864" title="Construye la matriz global A del sistema de ecuaciones a partir de las matrices de..." alt="" coords="691,106,979,134">
<area shape="rect" id="node82" href="$d5/d35/class_geometria2_d___triangulos.html#255e66334c2650c80c8002df7759407f" title="Calcula la matriz gradiente del elemento &quot;id&quot; en el nodo &quot;nodo&quot;..." alt="" coords="217,1170,548,1198">
<area shape="rect" id="node84" href="$d4/d09/class_matriz.html#f508444c1182581eebcca988cdc28e26" title="Multiplica la matriz por el escalar ESC." alt="" coords="323,765,443,793">
<area shape="rect" id="node89" href="$d9/d85/class_sistema___lineal.html#62051f00d59e3aa833a0d5fc4d2953ab" title="Resuelve Ax=b usando el metodo Gauss Seidel." alt="" coords="705,815,964,843">
<area shape="rect" id="node92" href="$d9/d85/class_sistema___lineal.html#f9c6e4765b533131244361805898a91a" title="Resuelve Ax=b usando el metodo Jacobi." alt="" coords="728,714,941,742">
<area shape="rect" id="node96" href="$d4/d09/class_matriz.html#5781e4a33a088bbd669937e5b3946b61" title="Resta a la matriz A la matriz B." alt="" coords="333,1221,432,1249">
<area shape="rect" id="node100" href="$d1/d5c/class_f_e_m2_d.html#f32c69c65fd995c4e51240b4f59ed27f" title="Suma un aporte nodal a la matriz global A del sistema de ecuaciones." alt="" coords="271,106,495,134">
<area shape="rect" id="node104" href="$d9/d85/class_sistema___lineal.html#5f7919109bfc14849f6538e5aa0f9bc0" title="Resuelve el sistema LY=B, dados L y B." alt="" coords="301,1271,464,1299">
<area shape="rect" id="node106" href="$d9/d85/class_sistema___lineal.html#5b8fc00508e86a9070dac2aa213d3e51" title="Resuelve un sistema factorizado utilizando Cholesky LLT." alt="" coords="747,410,923,438">
<area shape="rect" id="node109" href="$d9/d85/class_sistema___lineal.html#5b4cee95d591129db28aa76341a0d646" title="Resuelve el sistema Ax=LUx = b." alt="" coords="297,613,468,641">
<area shape="rect" id="node113" href="$d9/d85/class_sistema___lineal.html#a5f79942effd4bb705f09a054db19ca3" title="Resuelve el sistema UX=Y, dados U y Y." alt="" coords="300,1322,465,1350">
<area shape="rect" id="node115" href="$d4/d09/class_matriz.html#752402f8a4dde7d217cfb54d6752125b" title="Suma las matrices A y B." alt="" coords="333,1373,432,1401">
<area shape="rect" id="node117" href="$d5/d35/class_geometria2_d___triangulos.html#d500273f6557a4e62c6f9e7c34933221" title="Calcula el vector gradiente del elemento &quot;id&quot; en el nodo &quot;nodo&quot;..." alt="" coords="216,1423,549,1451">
<area shape="rect" id="node5" href="$d2/d56/class_f_e_m.html#d1aea7b8611e582dbb499b100ffe67b1" title="Carga datos de calculos elementales a una matriz global para futuro calculo paralelo..." alt="" coords="1552,78,1789,106">
<area shape="rect" id="node7" href="$df/d0a/main_8cpp.html#0ddf1224851353fc92bfbff6f499fa97" title="Programa principal &#45; Soluciona la ecuacion diferencial de transporte de la luz en..." alt="" coords="1857,334,1905,362">
<area shape="rect" id="node11" href="$dd/d6d/class_matriz___dispersa.html#9764ca0ba62368fdf8553ac8e93853fa" title="Constructor sobrecargado de la clase con entrada Matriz y almacenamiento en formato..." alt="" coords="1169,1018,1385,1046">
<area shape="rect" id="node15" href="$d1/d5c/class_f_e_m2_d.html#454ecb1640d1701b0eb87bc548f87a57" title="Realiza un llamada al metodo de contruccion de la matriz global A segun la geometria..." alt="" coords="1179,157,1376,185">
<area shape="rect" id="node20" href="$d5/d35/class_geometria2_d___triangulos.html#f0858b4a30c7118f64700b1517b52849" title="Calcula todas las areas de los elementos de la geometria." alt="" coords="1140,233,1415,261">
<area shape="rect" id="node22" href="$d2/d56/class_f_e_m.html#f645ce4e1d5af2b75657f77a03700055" title="Carga la geometria y calcula las areas de los elementos y matrices de permutacion..." alt="" coords="1579,246,1763,274">
<area shape="rect" id="node27" href="$d2/d56/class_f_e_m.html#6792c500fd0b5bf2e08dbb77dff47de2" title="Inicializa problema ETRAD (rECORDAR CAMBIAR IMPLEMNETACION Y DEJARLA EN UNA CLASE..." alt="" coords="725,309,944,337">
<area shape="rect" id="node40" href="$d2/d56/class_f_e_m.html#826fb0f16335d5896d17a3a7abab46aa" title="Establece el tipo de tratamiento numerico con el cula se trabaja en la resolucion..." alt="" coords="1533,359,1808,387">
<area shape="rect" id="node45" href="$d2/d56/class_f_e_m.html#7af0f0176badaa510abdc09c28588c8d" title="Resolucion del sistema de ecuaciones." alt="" coords="1180,562,1375,590">
<area shape="rect" id="node58" href="$d9/d85/class_sistema___lineal.html#fd67cab00f52f81023d49c8ac27a6ba7" title="Resuelve el sistema Ax=b usando factorizacion LU." alt="" coords="696,613,973,641">
<area shape="rect" id="node62" href="$d5/d35/class_geometria2_d___triangulos.html#45462cd55c487b9c07778d3e5fa0e019" title="Calcula las densidades de una serie de puntos definidos en una grilla &#45; Este proceso..." alt="" coords="1109,739,1445,767">
<area shape="rect" id="node67" href="$d5/d35/class_geometria2_d___triangulos.html#4da3b66daecb575bbaebfe54b3756e9d" title="Calcula el vector de carga de un elemento &quot;id&quot;." alt="" coords="652,917,1017,945">
<area shape="rect" id="node64" href="$d2/d56/class_f_e_m.html#715649b42475eb847e1fd32b56283b93" title="Aproximacion nodal a partir de una grilla de puntos." alt="" coords="1585,669,1756,697">
<area shape="rect" id="node69" href="$d5/d35/class_geometria2_d___triangulos.html#43dd2fd9626fe1baaf4b7e718d3c36c8" title="Calcula los vectores de carga de todos los elementos del dominio." alt="" coords="1105,917,1449,945">
<area shape="rect" id="node71" href="$d2/d56/class_f_e_m.html#f703ba89da06a72d85fdda288c02ca12" title="Calcula las matrices de rigidez, de masa y vector de carga de los elementos,." alt="" coords="1560,917,1781,945">
<area shape="rect" id="node76" href="$d5/d35/class_geometria2_d___triangulos.html#6382c1920105197bbe1936df4034438a" title="Genera las matrices de rigides de todos los elementos de la geometria." alt="" coords="1071,967,1484,995">
<area shape="rect" id="node86" href="$d9/d85/class_sistema___lineal.html#6e7fa4c926d3ccf67a5ea93831b13b7f" title="Algoritmo LSQR." alt="" coords="707,765,963,793">
