<area shape="rect" id="node3" href="$d5/db2/class_vector.html#4d890dc75bc2047d453e4c4f5704e76b" title="Asigna valor de una elemento del vector en columna col." alt="" coords="200,5,307,33">
<area shape="rect" id="node5" href="$d5/db2/class_vector.html#1e61a24886a05a02609e75c3d2a53e16" title="Visualiza información general de la matriz." alt="" coords="381,55,541,83">
<area shape="rect" id="node7" href="$d5/db2/class_vector.html#2d54c33656543d5cbd083ef3571348ba" title="Retorna el numero de columnas." alt="" coords="191,106,316,134">
<area shape="rect" id="node9" href="$d4/d09/class_matriz.html#45dd5eb4b50fa4371a0ebc9cc0eb270a" title="Retorna el numero de columnas." alt="" coords="192,157,315,185">
<area shape="rect" id="node11" href="$d4/d09/class_matriz.html#42cedb6b70724eff1b10e4bacbf94fda" title="Retorna el numero de filas." alt="" coords="207,207,300,235">
<area shape="rect" id="node13" href="$d5/db2/class_vector.html#26f38adeb1c2a385b7d5480dd7e474dd" title="Retorna valor de la columna col del vector." alt="" coords="197,258,309,286">
<area shape="rect" id="node16" href="$d4/d09/class_matriz.html#a16830eeeea822a3d5e1277d4b718c25" title="Retorna valor en fila, columna." alt="" coords="199,309,308,337">
<area shape="rect" id="node19" href="$d4/d09/class_matriz.html#7888d1d448a62c98ca75c2f54b727eea" title="Visualiza información general de la matriz." alt="" coords="175,359,332,387">
