<area shape="rect" id="node3" href="$d6/d47/_geometria2_d_8hpp.html" title="Geometria2D.hpp" alt="" coords="81,83,204,111">
<area shape="rect" id="node13" href="$d2/dbe/_vector___entero_8hpp.html" title="Vector_Entero.hpp" alt="" coords="144,470,272,498">
<area shape="rect" id="node42" href="$d6/dc8/_elemento___triangular_8hpp.html" title="Elemento_Triangular.hpp" alt="" coords="263,161,425,189">
<area shape="rect" id="node47" href="$d8/de9/_elemento___frontera_8hpp.html" title="Elemento_Frontera.hpp" alt="" coords="279,83,433,111">
<area shape="rect" id="node50" href="$d1/d70/_e_t_r_a_d_8hpp.html" title="ETRAD.hpp" alt="" coords="451,161,539,189">
<area shape="rect" id="node5" href="$d1/dfa/_geometria_8hpp.html" title="Geometria.hpp" alt="" coords="81,161,188,189">
<area shape="rect" id="node39" href="$d1/da5/_matriz___entera_8hpp.html" title="Matriz_Entera.hpp" alt="" coords="280,238,408,266">
<area shape="rect" id="node7" href="$da/d93/_elemento_8hpp.html" title="Elemento.hpp" alt="" coords="43,238,144,266">
<area shape="rect" id="node27" href="$de/dc7/_archivo_8hpp.html" title="Archivo.hpp" alt="" coords="168,238,256,266">
<area shape="rect" id="node9" href="$d2/dc2/_nodo__2_d_8hpp.html" title="Nodo_2D.hpp" alt="" coords="71,315,169,343">
<area shape="rect" id="node11" href="$d4/d2b/_nodo_8hpp.html" title="Nodo.hpp" alt="" coords="129,393,204,421">
<area shape="rect" id="node29" href="$d3/dfa/_matriz_8hpp.html" title="Matriz.hpp" alt="" coords="377,315,460,343">
<area shape="rect" id="node31" href="$db/d20/_vector_8hpp.html" title="Vector.hpp" alt="" coords="296,470,379,498">
<area shape="rect" id="node54" href="$d8/da3/_problema_8hpp.html" title="Problema.hpp" alt="" coords="533,238,635,266">
