<area shape="rect" id="node3" href="$d5/d35/class_geometria2_d___triangulos.html#a13fa7b1c7f978e403fcf3f0330b9eb3" title="Calculo de area global del dominio." alt="" coords="297,5,588,33">
<area shape="rect" id="node11" href="$d2/d56/class_f_e_m.html#d1aea7b8611e582dbb499b100ffe67b1" title="Carga datos de calculos elementales a una matriz global para futuro calculo paralelo..." alt="" coords="1225,55,1463,83">
<area shape="rect" id="node14" href="$d5/d35/class_geometria2_d___triangulos.html#9089a85d017170b4d4d92f2810294041" title="Calcula la funcion de forma del Elemento &quot;id&quot;, funcion &quot;indice&quot;..." alt="" coords="315,131,571,159">
<area shape="rect" id="node28" href="$d5/d35/class_geometria2_d___triangulos.html#acaf758d81f9d5ebe710eb5fb06cba62" title="Genera la matriz de masa de un elemento &quot;id&quot; de la geometria." alt="" coords="705,207,1065,235">
<area shape="rect" id="node33" href="$d5/d35/class_geometria2_d___triangulos.html#f6d61099307df293bbc657c9c021783d" title="Genera la matriz de rigidez de un elemento &quot;id&quot; de la geometria." alt="" coords="257,233,628,261">
<area shape="rect" id="node38" href="$d5/d35/class_geometria2_d___triangulos.html#255e66334c2650c80c8002df7759407f" title="Calcula la matriz gradiente del elemento &quot;id&quot; en el nodo &quot;nodo&quot;..." alt="" coords="277,283,608,311">
<area shape="rect" id="node40" href="$d6/db7/class_elemento___triangular.html#89a907f667f267e2fc263d8497920ff6" title="Asigna constante Fuente, solo se utiliza para problemas con distribucion de energia..." alt="" coords="303,334,583,362">
<area shape="rect" id="node42" href="$d5/d35/class_geometria2_d___triangulos.html#d500273f6557a4e62c6f9e7c34933221" title="Calcula el vector gradiente del elemento &quot;id&quot; en el nodo &quot;nodo&quot;..." alt="" coords="276,385,609,413">
<area shape="rect" id="node5" href="$d5/d35/class_geometria2_d___triangulos.html#f0858b4a30c7118f64700b1517b52849" title="Calcula todas las areas de los elementos de la geometria." alt="" coords="748,5,1023,33">
<area shape="rect" id="node7" href="$d2/d56/class_f_e_m.html#f645ce4e1d5af2b75657f77a03700055" title="Carga la geometria y calcula las areas de los elementos y matrices de permutacion..." alt="" coords="1613,5,1797,33">
<area shape="rect" id="node9" href="$df/d0a/main_8cpp.html#0ddf1224851353fc92bfbff6f499fa97" title="Programa principal &#45; Soluciona la ecuacion diferencial de transporte de la luz en..." alt="" coords="1865,81,1913,109">
<area shape="rect" id="node16" href="$d5/d35/class_geometria2_d___triangulos.html#45462cd55c487b9c07778d3e5fa0e019" title="Calcula las densidades de una serie de puntos definidos en una grilla &#45; Este proceso..." alt="" coords="1176,106,1512,134">
<area shape="rect" id="node21" href="$d5/d35/class_geometria2_d___triangulos.html#4da3b66daecb575bbaebfe54b3756e9d" title="Calcula el vector de carga de un elemento &quot;id&quot;." alt="" coords="703,157,1068,185">
<area shape="rect" id="node18" href="$d2/d56/class_f_e_m.html#715649b42475eb847e1fd32b56283b93" title="Aproximacion nodal a partir de una grilla de puntos." alt="" coords="1620,106,1791,134">
<area shape="rect" id="node23" href="$d5/d35/class_geometria2_d___triangulos.html#43dd2fd9626fe1baaf4b7e718d3c36c8" title="Calcula los vectores de carga de todos los elementos del dominio." alt="" coords="1172,157,1516,185">
<area shape="rect" id="node25" href="$d2/d56/class_f_e_m.html#f703ba89da06a72d85fdda288c02ca12" title="Calcula las matrices de rigidez, de masa y vector de carga de los elementos,." alt="" coords="1595,182,1816,210">
<area shape="rect" id="node30" href="$d5/d35/class_geometria2_d___triangulos.html#8e3504f64cbfec69c5dcbc968db1545d" title="Genera las matrices de masa de todos los elementos de la geometria." alt="" coords="1143,207,1545,235">
<area shape="rect" id="node35" href="$d5/d35/class_geometria2_d___triangulos.html#6382c1920105197bbe1936df4034438a" title="Genera las matrices de rigides de todos los elementos de la geometria." alt="" coords="679,258,1092,286">
