<area shape="rect" id="node3" href="$d5/d35/class_geometria2_d___triangulos.html#cab1fc0d604102142752e6f407c04a0d" title="Calcula el area del elemento &quot;id&quot; de la geometria." alt="" coords="439,5,697,33">
<area shape="rect" id="node11" href="$d2/d56/class_f_e_m.html#d1aea7b8611e582dbb499b100ffe67b1" title="Carga datos de calculos elementales a una matriz global para futuro calculo paralelo..." alt="" coords="1321,55,1559,83">
<area shape="rect" id="node14" href="$d5/d35/class_geometria2_d___triangulos.html#9089a85d017170b4d4d92f2810294041" title="Calcula la funcion de forma del Elemento &quot;id&quot;, funcion &quot;indice&quot;..." alt="" coords="440,106,696,134">
<area shape="rect" id="node28" href="$d5/d35/class_geometria2_d___triangulos.html#f6d61099307df293bbc657c9c021783d" title="Genera la matriz de rigidez de un elemento &quot;id&quot; de la geometria." alt="" coords="383,157,753,185">
<area shape="rect" id="node33" href="$d5/d35/class_geometria2_d___triangulos.html#255e66334c2650c80c8002df7759407f" title="Calcula la matriz gradiente del elemento &quot;id&quot; en el nodo &quot;nodo&quot;..." alt="" coords="403,207,733,235">
<area shape="rect" id="node35" href="$d5/d35/class_geometria2_d___triangulos.html#d500273f6557a4e62c6f9e7c34933221" title="Calcula el vector gradiente del elemento &quot;id&quot; en el nodo &quot;nodo&quot;..." alt="" coords="401,258,735,286">
<area shape="rect" id="node5" href="$d5/d35/class_geometria2_d___triangulos.html#f0858b4a30c7118f64700b1517b52849" title="Calcula todas las areas de los elementos de la geometria." alt="" coords="873,5,1148,33">
<area shape="rect" id="node7" href="$d2/d56/class_f_e_m.html#f645ce4e1d5af2b75657f77a03700055" title="Carga la geometria y calcula las areas de los elementos y matrices de permutacion..." alt="" coords="1680,5,1864,33">
<area shape="rect" id="node9" href="$df/d0a/main_8cpp.html#0ddf1224851353fc92bfbff6f499fa97" title="Programa principal &#45; Soluciona la ecuacion diferencial de transporte de la luz en..." alt="" coords="1932,81,1980,109">
<area shape="rect" id="node16" href="$d5/d35/class_geometria2_d___triangulos.html#45462cd55c487b9c07778d3e5fa0e019" title="Calcula las densidades de una serie de puntos definidos en una grilla &#45; Este proceso..." alt="" coords="1272,106,1608,134">
<area shape="rect" id="node21" href="$d5/d35/class_geometria2_d___triangulos.html#4da3b66daecb575bbaebfe54b3756e9d" title="Calcula el vector de carga de un elemento &quot;id&quot;." alt="" coords="828,157,1193,185">
<area shape="rect" id="node18" href="$d2/d56/class_f_e_m.html#715649b42475eb847e1fd32b56283b93" title="Aproximacion nodal a partir de una grilla de puntos." alt="" coords="1687,106,1857,134">
<area shape="rect" id="node23" href="$d5/d35/class_geometria2_d___triangulos.html#43dd2fd9626fe1baaf4b7e718d3c36c8" title="Calcula los vectores de carga de todos los elementos del dominio." alt="" coords="1268,157,1612,185">
<area shape="rect" id="node25" href="$d2/d56/class_f_e_m.html#f703ba89da06a72d85fdda288c02ca12" title="Calcula las matrices de rigidez, de masa y vector de carga de los elementos,." alt="" coords="1661,157,1883,185">
<area shape="rect" id="node30" href="$d5/d35/class_geometria2_d___triangulos.html#6382c1920105197bbe1936df4034438a" title="Genera las matrices de rigides de todos los elementos de la geometria." alt="" coords="804,207,1217,235">
