<area shape="rect" id="node3" href="$d8/d4a/class_geometria2_d.html#cd7be59d30b8b459bfcd01ca1fca62fa" title="Genera una grilla de puntos a partir de informacion particionada de la grilla y almacena..." alt="" coords="392,81,640,109">
<area shape="rect" id="node5" href="$d5/db2/class_vector.html#4d890dc75bc2047d453e4c4f5704e76b" title="Asigna valor de una elemento del vector en columna col." alt="" coords="713,5,820,33">
<area shape="rect" id="node9" href="$df/d98/class_matriz___entera.html#355f39b8f446d466ea7329c150097c70" title="Retorna valor en fila, columna." alt="" coords="689,55,844,83">
<area shape="rect" id="node11" href="$dd/d59/class_vector___entero.html#10ed0238f4d5d6dd098d23eeb8ffc077" title="Retorna valor de col." alt="" coords="688,157,845,185">
<area shape="rect" id="node15" href="$d5/db2/class_vector.html#26f38adeb1c2a385b7d5480dd7e474dd" title="Retorna valor de la columna col del vector." alt="" coords="711,106,823,134">
<area shape="rect" id="node7" href="$d5/db2/class_vector.html#1e61a24886a05a02609e75c3d2a53e16" title="Visualiza información general de la matriz." alt="" coords="916,55,1076,83">
<area shape="rect" id="node13" href="$dd/d59/class_vector___entero.html#f598217377e836e5c86f5c15ae8c6502" title="Visualiza información general de la matriz." alt="" coords="893,157,1099,185">
