<area shape="rect" id="node3" href="$d5/d35/class_geometria2_d___triangulos.html#766c30e93320c1fd81de397f9e4f626f" title="Calcula densidades a partir de una grilla de puntos &#45; Esta funcion es la utilizada..." alt="" coords="340,5,713,33">
<area shape="rect" id="node9" href="$d5/d35/class_geometria2_d___triangulos.html#9089a85d017170b4d4d92f2810294041" title="Calcula la funcion de forma del Elemento &quot;id&quot;, funcion &quot;indice&quot;..." alt="" coords="399,55,655,83">
<area shape="rect" id="node5" href="$d2/d56/class_f_e_m.html#715649b42475eb847e1fd32b56283b93" title="Aproximacion nodal a partir de una grilla de puntos." alt="" coords="1264,55,1435,83">
<area shape="rect" id="node7" href="$df/d0a/main_8cpp.html#0ddf1224851353fc92bfbff6f499fa97" title="Programa principal &#45; Soluciona la ecuacion diferencial de transporte de la luz en..." alt="" coords="1841,81,1889,109">
<area shape="rect" id="node11" href="$d5/d35/class_geometria2_d___triangulos.html#45462cd55c487b9c07778d3e5fa0e019" title="Calcula las densidades de una serie de puntos definidos en una grilla &#45; Este proceso..." alt="" coords="777,55,1113,83">
<area shape="rect" id="node14" href="$d5/d35/class_geometria2_d___triangulos.html#4da3b66daecb575bbaebfe54b3756e9d" title="Calcula el vector de carga de un elemento &quot;id&quot;." alt="" coords="763,106,1128,134">
<area shape="rect" id="node16" href="$d5/d35/class_geometria2_d___triangulos.html#43dd2fd9626fe1baaf4b7e718d3c36c8" title="Calcula los vectores de carga de todos los elementos del dominio." alt="" coords="1177,106,1521,134">
<area shape="rect" id="node18" href="$d2/d56/class_f_e_m.html#f703ba89da06a72d85fdda288c02ca12" title="Calcula las matrices de rigidez, de masa y vector de carga de los elementos,." alt="" coords="1571,106,1792,134">
