<area shape="rect" id="node3" href="$d5/d35/class_geometria2_d___triangulos.html#d1982ec18936f526de577ba76ffdd6ea" title="Retorna la orientacion de un triangulo dado 3 Nodos." alt="" coords="472,55,768,83">
<area shape="rect" id="node22" href="$d5/d35/class_geometria2_d___triangulos.html#4604a7f71ad28802c3deeb3ecac9d25c" title="Verifica si un punto pertence al interior de un triangulo dadas las tres coordenadas..." alt="" coords="427,106,813,134">
<area shape="rect" id="node5" href="$d5/d35/class_geometria2_d___triangulos.html#62d7196bbde53442d66b9dbc318c60b7" title="Retorna la orientacion de un elemento." alt="" coords="868,55,1167,83">
<area shape="rect" id="node7" href="$d5/d35/class_geometria2_d___triangulos.html#0eecce6c0fccc46ff6cd82a3321e83b4" title="Verifica si un punto pertence al interior de un elemento finito triangular id." alt="" coords="863,5,1172,33">
<area shape="rect" id="node9" href="$d5/d35/class_geometria2_d___triangulos.html#45462cd55c487b9c07778d3e5fa0e019" title="Calcula las densidades de una serie de puntos definidos en una grilla &#45; Este proceso..." alt="" coords="1241,55,1577,83">
<area shape="rect" id="node15" href="$d5/d35/class_geometria2_d___triangulos.html#4da3b66daecb575bbaebfe54b3756e9d" title="Calcula el vector de carga de un elemento &quot;id&quot;." alt="" coords="1227,5,1592,33">
<area shape="rect" id="node11" href="$d2/d56/class_f_e_m.html#715649b42475eb847e1fd32b56283b93" title="Aproximacion nodal a partir de una grilla de puntos." alt="" coords="1733,55,1904,83">
<area shape="rect" id="node13" href="$df/d0a/main_8cpp.html#0ddf1224851353fc92bfbff6f499fa97" title="Programa principal &#45; Soluciona la ecuacion diferencial de transporte de la luz en..." alt="" coords="2311,30,2359,58">
<area shape="rect" id="node17" href="$d5/d35/class_geometria2_d___triangulos.html#43dd2fd9626fe1baaf4b7e718d3c36c8" title="Calcula los vectores de carga de todos los elementos del dominio." alt="" coords="1647,5,1991,33">
<area shape="rect" id="node19" href="$d2/d56/class_f_e_m.html#f703ba89da06a72d85fdda288c02ca12" title="Calcula las matrices de rigidez, de masa y vector de carga de los elementos,." alt="" coords="2040,5,2261,33">
<area shape="rect" id="node24" href="$d5/d35/class_geometria2_d___triangulos.html#766c30e93320c1fd81de397f9e4f626f" title="Calcula densidades a partir de una grilla de puntos &#45; Esta funcion es la utilizada..." alt="" coords="1223,106,1596,134">
