<area shape="rect" id="node3" href="$d6/db7/class_elemento___triangular.html#4c0655995692de148ec43529a6c9a013" title="Retorna la numeracion nodal global del nodo local &quot;Posicion_Nodal&quot;." alt="" coords="417,5,660,33">
<area shape="rect" id="node7" href="$db/dbc/class_nodo__2_d.html#a9cce743fba2794634bae77d2a5ac3e0" title="Retorna el valor de x del nodo." alt="" coords="480,55,597,83">
<area shape="rect" id="node9" href="$db/dbc/class_nodo__2_d.html#1b0220277e032a60ae32cceea2b776e3" title="Retorna el valor de y del nodo." alt="" coords="479,106,599,134">
<area shape="rect" id="node11" href="$d6/db7/class_elemento___triangular.html#ce66cbd1290897324281a73523651a98" title="Asigna un valor a la matriz de permutacion del elemento." alt="" coords="415,157,663,185">
<area shape="rect" id="node15" href="$d6/db7/class_elemento___triangular.html#f17a4e0b43822d242ff75bb1518b8af5" title="Reserva memoria para ma matriz de permutacion del elemento." alt="" coords="360,207,717,235">
<area shape="rect" id="node5" href="$da/d18/class_nodo.html#938759f4a728e7c0f849a77b2e0dcb99" title="Retorna el identificador del nodo." alt="" coords="767,5,900,33">
<area shape="rect" id="node13" href="$d4/d09/class_matriz.html#ef90ff9c24c5474b0e09818be945207a" title="Asigna valor en fila, columna." alt="" coords="781,157,885,185">
