<area shape="rect" id="node3" href="$d6/db7/class_elemento___triangular.html#d067704991ae4527c9f216abc134b45b" title="retorna el area del elemento" alt="" coords="375,5,577,33">
<area shape="rect" id="node5" href="$d6/db7/class_elemento___triangular.html#1c51055dbe2c2eca303110d31e830b50" title="Retorna la matriz de permutacion del elemento." alt="" coords="313,55,639,83">
<area shape="rect" id="node7" href="$d5/d35/class_geometria2_d___triangulos.html#4220aca1068abfee1e2acead1e570685" title="Calcula la funcion de forma con los parametros: Area del elemento, Ai, Bi y Ci (constantes..." alt="" coords="333,106,619,134">
<area shape="rect" id="node9" href="$db/dbc/class_nodo__2_d.html#a9cce743fba2794634bae77d2a5ac3e0" title="Retorna el valor de x del nodo." alt="" coords="417,157,535,185">
<area shape="rect" id="node11" href="$db/dbc/class_nodo__2_d.html#1b0220277e032a60ae32cceea2b776e3" title="Retorna el valor de y del nodo." alt="" coords="416,207,536,235">
<area shape="rect" id="node13" href="$d4/d09/class_matriz.html#a16830eeeea822a3d5e1277d4b718c25" title="Retorna valor en fila, columna." alt="" coords="421,258,531,286">
