<area shape="rect" id="node3" href="$df/d5d/class_geometria.html#4b7013f424338285f21c10cc7d09887a" title="Asigna el numero de fuentes de energia, para problemas de difusion." alt="" coords="551,5,807,33">
<area shape="rect" id="node5" href="$d5/d35/class_geometria2_d___triangulos.html#d44c12ef699be7bd5e2b94b488e24ff6" title="Carga la variable fisica asociada a la fisico&#45;geometria del elemento &quot;id&quot;..." alt="" coords="489,55,868,83">
<area shape="rect" id="node9" href="$d5/d35/class_geometria2_d___triangulos.html#c2bdcdc05b8864ba11af0566b0d06940" title="Carga la variable fisica asociada a la fisico&#45;masa del elemento &quot;id&quot;." alt="" coords="488,106,869,134">
<area shape="rect" id="node13" href="$d9/d04/class_e_t_r_a_d.html#6717a15aee15f5e26045c042f4625168" title="Retorna el coeficiente de difusion de la ecuacion de difusion de la luz, dado absorcion..." alt="" coords="585,157,772,185">
<area shape="rect" id="node15" href="$d4/d09/class_matriz.html#42cedb6b70724eff1b10e4bacbf94fda" title="Retorna el numero de filas." alt="" coords="632,207,725,235">
<area shape="rect" id="node17" href="$d6/db7/class_elemento___triangular.html#0bb9fe4aa89cf7d432c50a44129ab29d" title="Retorna el dominio del elemento." alt="" coords="568,258,789,286">
<area shape="rect" id="node19" href="$d9/d04/class_e_t_r_a_d.html#e9e856e59decba3741a98b97964dbcf9" title="Retorna el vector que contiene los datos de scattering." alt="" coords="605,309,752,337">
<area shape="rect" id="node21" href="$d9/d04/class_e_t_r_a_d.html#b5c8f5ec0c164ac3c606dfcedca20d99" title="Retorna el valor de la funcion de fase." alt="" coords="588,359,769,387">
<area shape="rect" id="node23" href="$d9/d04/class_e_t_r_a_d.html#c65d2353024b8410b5cc51944e1b3759" title="Retorna el vector que contiene los datos de absorcion." alt="" coords="599,410,759,438">
<area shape="rect" id="node25" href="$d9/d04/class_e_t_r_a_d.html#a7b0722654afe96d288584266f26ff10" title="Retorna el vector que contiene los datos de scattering." alt="" coords="599,461,759,489">
<area shape="rect" id="node27" href="$d5/db2/class_vector.html#26f38adeb1c2a385b7d5480dd7e474dd" title="Retorna valor de la columna col del vector." alt="" coords="623,511,735,539">
<area shape="rect" id="node31" href="$d4/d09/class_matriz.html#a16830eeeea822a3d5e1277d4b718c25" title="Retorna valor en fila, columna." alt="" coords="624,562,733,590">
<area shape="rect" id="node33" href="$d5/d35/class_geometria2_d___triangulos.html#fcddc1c94120dd4df0add1389537e7e4" title="Reserva memoria para las fuentes." alt="" coords="501,613,856,641">
<area shape="rect" id="node35" href="$d6/db7/class_elemento___triangular.html#07974c5996ed31824c5e73d53b05c6ac" title="Asigna constante sVariable del elemento asociada al comportamiento fisico del elemento..." alt="" coords="533,663,824,691">
<area shape="rect" id="node37" href="$db/dbc/class_nodo__2_d.html#6101a3be1dac6ab9dc4f94a5c76bea04" title="Asigna el valor flotante del nodo." alt="" coords="605,714,752,742">
<area shape="rect" id="node39" href="$db/dbc/class_nodo__2_d.html#13812949dff0f268ea05b768f11c124a" title="Asigna un valor flotante en x." alt="" coords="621,765,736,793">
<area shape="rect" id="node41" href="$db/dbc/class_nodo__2_d.html#42f47d5db784727501f289aa1248e264" title="Asigna un valor flotante en y." alt="" coords="620,815,737,843">
<area shape="rect" id="node7" href="$d6/db7/class_elemento___triangular.html#95741af745c6df5b6ee74568f5b46eeb" title="Asigna constante kVariable del elemento, generamente asociada al comportamiento fisico&#45;geometrico..." alt="" coords="920,55,1211,83">
<area shape="rect" id="node11" href="$d6/db7/class_elemento___triangular.html#9f7f4536052a01024a7c0be5a3bfb8fc" title="Asigna constante mVariable del elemento, generamente asociada al comportamiento fisico&#45;masa..." alt="" coords="919,106,1212,134">
<area shape="rect" id="node29" href="$d5/db2/class_vector.html#1e61a24886a05a02609e75c3d2a53e16" title="Visualiza información general de la matriz." alt="" coords="985,511,1145,539">
