<area shape="rect" id="node3" href="$d6/db7/class_elemento___triangular.html#4c0655995692de148ec43529a6c9a013" title="Retorna la numeracion nodal global del nodo local &quot;Posicion_Nodal&quot;." alt="" coords="561,5,804,33">
<area shape="rect" id="node7" href="$d6/db7/class_elemento___triangular.html#c20e6e3b5d4dcebc25b41fda0fbb6a04" title="Asigna un valor a la matriz de pertenencia en la posicion fil, col." alt="" coords="509,55,856,83">
<area shape="rect" id="node11" href="$d6/db7/class_elemento___triangular.html#e78e678300e815fb8d394524c7ae5a43" title="Reserva memoria para la matriz de pertenencia del elemento." alt="" coords="453,106,912,134">
<area shape="rect" id="node5" href="$da/d18/class_nodo.html#938759f4a728e7c0f849a77b2e0dcb99" title="Retorna el identificador del nodo." alt="" coords="969,5,1103,33">
<area shape="rect" id="node9" href="$df/d98/class_matriz___entera.html#b982645d04ece06fbc48831a2b766c23" title="Asigna valor en fila, columna." alt="" coords="961,55,1111,83">
