<area shape="rect" id="node3" href="$d6/db7/class_elemento___triangular.html#d067704991ae4527c9f216abc134b45b" title="retorna el area del elemento" alt="" coords="452,5,655,33">
<area shape="rect" id="node5" href="$d6/db7/class_elemento___triangular.html#1c51055dbe2c2eca303110d31e830b50" title="Retorna la matriz de permutacion del elemento." alt="" coords="391,55,716,83">
<area shape="rect" id="node7" href="$d4/d09/class_matriz.html#a16830eeeea822a3d5e1277d4b718c25" title="Retorna valor en fila, columna." alt="" coords="499,106,608,134">
<area shape="rect" id="node9" href="$d6/db7/class_elemento___triangular.html#af6e62e79ff2f4e0194f3b3693cb82d9" title="Reserva memoria y asigna el vector gradiente del elemento." alt="" coords="416,157,691,185">
<area shape="rect" id="node11" href="$d5/db2/class_vector.html#4d890dc75bc2047d453e4c4f5704e76b" title="Asigna valor de una elemento del vector en columna col." alt="" coords="767,157,873,185">
<area shape="rect" id="node13" href="$d5/db2/class_vector.html#1e61a24886a05a02609e75c3d2a53e16" title="Visualiza información general de la matriz." alt="" coords="923,157,1083,185">
