<area shape="rect" id="node3" href="$d5/d35/class_geometria2_d___triangulos.html#f6d61099307df293bbc657c9c021783d" title="Genera la matriz de rigidez de un elemento &quot;id&quot; de la geometria." alt="" coords="471,131,841,159">
<area shape="rect" id="node5" href="$d6/db7/class_elemento___triangular.html#d067704991ae4527c9f216abc134b45b" title="retorna el area del elemento" alt="" coords="1005,5,1208,33">
<area shape="rect" id="node7" href="$d6/db7/class_elemento___triangular.html#1c51055dbe2c2eca303110d31e830b50" title="Retorna la matriz de permutacion del elemento." alt="" coords="944,55,1269,83">
<area shape="rect" id="node9" href="$d6/db7/class_elemento___triangular.html#3ce7b023bdc633a2659e5a21dce98fb1" title="Retorna la kVariable del elemento." alt="" coords="992,106,1221,134">
<area shape="rect" id="node11" href="$d4/d09/class_matriz.html#a16830eeeea822a3d5e1277d4b718c25" title="Retorna valor en fila, columna." alt="" coords="1052,157,1161,185">
<area shape="rect" id="node13" href="$d6/db7/class_elemento___triangular.html#54db68fe2f0a76aaef878bcfee7967d0" title="Asigna un valor a la matriz de rigidez en la posicion fil, col." alt="" coords="945,207,1268,235">
<area shape="rect" id="node17" href="$d6/db7/class_elemento___triangular.html#671c5caa06025572ac3a31f077433c4c" title="Reserva memoria para la matriz de Rigidez del elemento." alt="" coords="891,258,1323,286">
<area shape="rect" id="node15" href="$d4/d09/class_matriz.html#ef90ff9c24c5474b0e09818be945207a" title="Asigna valor en fila, columna." alt="" coords="1372,207,1476,235">
