<area shape="rect" id="node3" href="$d3/dfa/_matriz_8hpp.html" title="Matriz.hpp" alt="" coords="593,83,676,111">
<area shape="rect" id="node29" href="$d5/d9e/_rutinas___paralelas_8hpp.html" title="Rutinas_Paralelas.hpp" alt="" coords="1012,393,1164,421">
<area shape="rect" id="node62" href="$dc/dff/_vector___disperso_8hpp.html" title="Vector_Disperso.hpp" alt="" coords="1045,83,1187,111">
<area shape="rect" id="node67" href="$d6/d4f/_vector_8cpp.html" title="Vector.cpp" alt="" coords="1211,83,1293,111">
<area shape="rect" id="node5" href="$de/dc7/_archivo_8hpp.html" title="Archivo.hpp" alt="" coords="536,161,624,189">
<area shape="rect" id="node42" href="$d6/dc8/_elemento___triangular_8hpp.html" title="Elemento_Triangular.hpp" alt="" coords="55,238,217,266">
<area shape="rect" id="node48" href="$d1/d70/_e_t_r_a_d_8hpp.html" title="ETRAD.hpp" alt="" coords="303,161,391,189">
<area shape="rect" id="node53" href="$d9/d8c/_matriz___dispersa_8hpp.html" title="Matriz_Dispersa.hpp" alt="" coords="816,315,955,343">
<area shape="rect" id="node59" href="$d1/d8b/_matriz_8cpp.html" title="Matriz.cpp" alt="" coords="648,161,731,189">
<area shape="rect" id="node7" href="$d1/dad/_archivo_8cpp.html" title="Archivo.cpp" alt="" coords="455,238,543,266">
<area shape="rect" id="node9" href="$da/d83/_e_t_r_a_d_8cpp.html" title="ETRAD.cpp" alt="" coords="343,238,431,266">
<area shape="rect" id="node11" href="$d1/dfa/_geometria_8hpp.html" title="Geometria.hpp" alt="" coords="617,238,724,266">
<area shape="rect" id="node25" href="$df/d0a/main_8cpp.html" title="main.cpp" alt="" coords="527,702,601,730">
<area shape="rect" id="node31" href="$d9/dc1/_sistema___lineal_8hpp.html" title="Sistema_Lineal.hpp" alt="" coords="780,470,916,498">
<area shape="rect" id="node13" href="$d6/d47/_geometria2_d_8hpp.html" title="Geometria2D.hpp" alt="" coords="601,315,724,343">
<area shape="rect" id="node15" href="$d1/d8a/_geometria2_d___triangulos_8hpp.html" title="Geometria2D_Triangulos.hpp" alt="" coords="89,393,276,421">
<area shape="rect" id="node38" href="$d0/dcd/_geometria2_d_8cpp.html" title="Geometria2D.cpp" alt="" coords="601,393,724,421">
<area shape="rect" id="node17" href="$d7/dd9/_f_e_m_8hpp.html" title="FEM.hpp" alt="" coords="609,547,684,575">
<area shape="rect" id="node27" href="$d9/d4b/_geometria2_d___triangulos_8cpp.html" title="Geometria2D_Triangulos.cpp" alt="" coords="39,470,225,498">
<area shape="rect" id="node19" href="$d8/db6/_f_e_m_8cpp.html" title="FEM.cpp" alt="" coords="716,625,791,653">
<area shape="rect" id="node21" href="$d4/dff/_f_e_m2_d_8hpp.html" title="FEM2D.hpp" alt="" coords="601,625,692,653">
<area shape="rect" id="node23" href="$d8/dcf/_f_e_m2_d_8cpp.html" title="FEM2D.cpp" alt="" coords="625,702,716,730">
<area shape="rect" id="node36" href="$d8/d7f/_rutinas___paralelas_8cpp.html" title="Rutinas_Paralelas.cpp" alt="" coords="1012,470,1164,498">
<area shape="rect" id="node34" href="$d9/d2a/_sistema___lineal_8cpp.html" title="Sistema_Lineal.cpp" alt="" coords="780,547,916,575">
<area shape="rect" id="node44" href="$d8/de9/_elemento___frontera_8hpp.html" title="Elemento_Frontera.hpp" alt="" coords="5,315,160,343">
<area shape="rect" id="node57" href="$da/d33/_matriz___dispersa_8cpp.html" title="Matriz_Dispersa.cpp" alt="" coords="799,393,937,421">
<area shape="rect" id="node65" href="$d6/d29/_vector___disperso_8cpp.html" title="Vector_Disperso.cpp" alt="" coords="1125,161,1267,189">
