<area shape="rect" id="node3" href="$d2/d56/class_f_e_m.html#dc741809ba703314c6a34b101d15e1dd" title="Retorna la geometria de trabajo." alt="" coords="407,5,633,33">
<area shape="rect" id="node5" href="$d6/db7/class_elemento___triangular.html#db8bc0cb372ef382fdea187bb0808f15" title="Retorna la matriz de masa del elemento." alt="" coords="364,55,676,83">
<area shape="rect" id="node7" href="$d6/db7/class_elemento___triangular.html#3211f1294c27e6b170d8faae6a3d736d" title="Retorna la matriz de pertenencia del elemento." alt="" coords="349,106,691,134">
<area shape="rect" id="node9" href="$d6/db7/class_elemento___triangular.html#baaa1b5cffd05bf4df92ae70ff8e4172" title="Retorna la matriz de Rigidez del elemento." alt="" coords="359,157,681,185">
<area shape="rect" id="node11" href="$d2/d56/class_f_e_m.html#8dc941bf058e2406f773ff4963d828b6" title="Almacena y suma los aportea a una Map que utiliza el Hashing como referencia para..." alt="" coords="451,207,589,235">
<area shape="rect" id="node13" href="$d4/d09/class_matriz.html#a16830eeeea822a3d5e1277d4b718c25" title="Retorna valor en fila, columna." alt="" coords="748,359,857,387">
<area shape="rect" id="node15" href="$df/d98/class_matriz___entera.html#355f39b8f446d466ea7329c150097c70" title="Retorna valor en fila, columna." alt="" coords="443,309,597,337">
<area shape="rect" id="node17" href="$df/d5d/class_geometria.html#cca22abfeb1e3fdb0499efd69c9aaec9" title="Retorna el numero de elementos." alt="" coords="392,359,648,387">
<area shape="rect" id="node19" href="$df/d5d/class_geometria.html#8883f64fa3d61833004018ac8e28d774" title="Retorna el numero de nodos." alt="" coords="405,410,635,438">
<area shape="rect" id="node21" href="$d5/d35/class_geometria2_d___triangulos.html#d05da9769648adf32919e53c1786b928" title="Retorna el arreglo de objetos Elemento_Triangular[] de la geometria." alt="" coords="343,461,697,489">
<area shape="rect" id="node23" href="$d1/d5c/class_f_e_m2_d.html#f32c69c65fd995c4e51240b4f59ed27f" title="Suma un aporte nodal a la matriz global A del sistema de ecuaciones." alt="" coords="408,511,632,539">
<area shape="rect" id="node25" href="$d4/d09/class_matriz.html#ef90ff9c24c5474b0e09818be945207a" title="Asigna valor en fila, columna." alt="" coords="751,511,855,539">
