<area shape="rect" id="node3" href="$d1/dfa/_geometria_8hpp.html" title="Geometria.hpp" alt="" coords="161,83,268,111">
<area shape="rect" id="node37" href="$d1/da5/_matriz___entera_8hpp.html" title="Matriz_Entera.hpp" alt="" coords="37,238,165,266">
<area shape="rect" id="node5" href="$da/d93/_elemento_8hpp.html" title="Elemento.hpp" alt="" coords="164,161,265,189">
<area shape="rect" id="node25" href="$de/dc7/_archivo_8hpp.html" title="Archivo.hpp" alt="" coords="289,161,377,189">
<area shape="rect" id="node7" href="$d2/dc2/_nodo__2_d_8hpp.html" title="Nodo_2D.hpp" alt="" coords="189,238,288,266">
<area shape="rect" id="node9" href="$d4/d2b/_nodo_8hpp.html" title="Nodo.hpp" alt="" coords="180,315,255,343">
<area shape="rect" id="node11" href="$d2/dbe/_vector___entero_8hpp.html" title="Vector_Entero.hpp" alt="" coords="140,393,268,421">
<area shape="rect" id="node27" href="$d3/dfa/_matriz_8hpp.html" title="Matriz.hpp" alt="" coords="292,315,375,343">
<area shape="rect" id="node29" href="$db/d20/_vector_8hpp.html" title="Vector.hpp" alt="" coords="292,393,375,421">
