<area shape="rect" id="node3" href="$d5/db2/class_vector.html#4d890dc75bc2047d453e4c4f5704e76b" title="Asigna valor de una elemento del vector en columna col." alt="" coords="220,1018,327,1046">
<area shape="rect" id="node30" href="$d5/db2/class_vector.html#548bf4d3142df8532124c79cc6a9cb4d" title="Copia el vector a otro vector a." alt="" coords="547,55,645,83">
<area shape="rect" id="node108" href="$d4/d09/class_matriz.html#51460cb7c77ab45180a1d0a570b0797e" title="Multiplica la matriz A por el vector B." alt="" coords="536,2538,656,2566">
<area shape="rect" id="node110" href="$d5/db2/class_vector.html#16e56d9372fce9e031a97bffc0688200" title="Resta los vectores a menos b." alt="" coords="545,2589,647,2617">
<area shape="rect" id="node112" href="$d5/db2/class_vector.html#26f38adeb1c2a385b7d5480dd7e474dd" title="Retorna valor de la columna col del vector." alt="" coords="217,1930,329,1958">
<area shape="rect" id="node144" href="$d5/db2/class_vector.html#b89009a53caa67225f09433e81f133fc" title="Suma los vectores a y b." alt="" coords="545,2639,647,2667">
<area shape="rect" id="node146" href="$d5/db2/class_vector.html#91c0508e962ed5ed8d5014c46beea316" title="Solicita la memoria para el vector." alt="" coords="512,5,680,33">
<area shape="rect" id="node151" href="$d5/db2/class_vector.html#d78493842eeee18972a2af10b7173957" title="Visualiza el vector." alt="" coords="213,2031,333,2059">
<area shape="rect" id="node5" href="$d9/daf/class_rutinas___paralelas.html#8c69adffccf5332ba7f9ccb7b9a69214" title="Almacena en una fila especifica de la matriz Datos_Elementos (id elemento, area,..." alt="" coords="447,967,745,995">
<area shape="rect" id="node9" href="$df/d0a/main_8cpp.html#0ddf1224851353fc92bfbff6f499fa97" title="Programa principal &#45; Soluciona la ecuacion diferencial de transporte de la luz en..." alt="" coords="1495,879,1543,907">
<area shape="rect" id="node11" href="$dd/d6d/class_matriz___dispersa.html#cf625f41dd5e61b1868589593495fd4d" title="Almacena en formato CSR de una entrada de tipo Matriz." alt="" coords="459,765,733,793">
<area shape="rect" id="node13" href="$dd/d6d/class_matriz___dispersa.html#e4fcdc76c5102526b6de758adc399a51" title="Almacena en formato CSR de una entrada de tipo map (Hash)." alt="" coords="440,815,752,843">
<area shape="rect" id="node15" href="$de/d84/class_vector___disperso.html#64bc7d960e7531e35fb2fa95f16ba4d6" title="Almacena en formato vector &#45; columnas VDC." alt="" coords="459,2082,733,2110">
<area shape="rect" id="node17" href="$d9/daf/class_rutinas___paralelas.html#59a20a3a5d6071a7d0e97b59f2724941" title="Almacena en punteros los nodos de la geometria FEM para distribucion de informacion..." alt="" coords="443,866,749,894">
<area shape="rect" id="node19" href="$d9/daf/class_rutinas___paralelas.html#449530405be50371719b28f7c5cc7c04" title="Almacena en punteros los nodos de la grilla para distribucion de informacion entre..." alt="" coords="457,106,735,134">
<area shape="rect" id="node21" href="$d5/d35/class_geometria2_d___triangulos.html#45462cd55c487b9c07778d3e5fa0e019" title="Calcula las densidades de una serie de puntos definidos en una grilla &#45; Este proceso..." alt="" coords="428,461,764,489">
<area shape="rect" id="node23" href="$d2/d56/class_f_e_m.html#715649b42475eb847e1fd32b56283b93" title="Aproximacion nodal a partir de una grilla de puntos." alt="" coords="905,663,1076,691">
<area shape="rect" id="node26" href="$d5/d35/class_geometria2_d___triangulos.html#766c30e93320c1fd81de397f9e4f626f" title="Calcula densidades a partir de una grilla de puntos &#45; Esta funcion es la utilizada..." alt="" coords="409,511,783,539">
<area shape="rect" id="node32" href="$d2/d56/class_f_e_m.html#826fb0f16335d5896d17a3a7abab46aa" title="Establece el tipo de tratamiento numerico con el cula se trabaja en la resolucion..." alt="" coords="1171,334,1445,362">
<area shape="rect" id="node35" href="$d9/d85/class_sistema___lineal.html#f87671a678c8abf8ce4c22fe7f5c0ae4" title="Redimensiona un sistema de ecuaciones representados matricialmente, indicando que..." alt="" coords="861,309,1120,337">
<area shape="rect" id="node39" href="$d8/d4a/class_geometria2_d.html#cd7be59d30b8b459bfcd01ca1fca62fa" title="Genera una grilla de puntos a partir de informacion particionada de la grilla y almacena..." alt="" coords="472,1221,720,1249">
<area shape="rect" id="node41" href="$d9/d85/class_sistema___lineal.html#f2efe219c73509e50385d87a326a7c0e" title="Algoritmo LSQR para matrices dispersas." alt="" coords="887,1981,1095,2009">
<area shape="rect" id="node43" href="$d2/d56/class_f_e_m.html#7af0f0176badaa510abdc09c28588c8d" title="Resolucion del sistema de ecuaciones." alt="" coords="1211,1781,1405,1809">
<area shape="rect" id="node46" href="$d9/d85/class_sistema___lineal.html#6e7fa4c926d3ccf67a5ea93831b13b7f" title="Algoritmo LSQR." alt="" coords="468,1474,724,1502">
<area shape="rect" id="node49" href="$d9/d85/class_sistema___lineal.html#2b9e62158dcb700a20e8f429c8c50454" title="Algoritmo LSQR paralelo para matrices dispersas." alt="" coords="859,1743,1123,1771">
<area shape="rect" id="node53" href="$d4/d09/class_matriz.html#750996ec7564f3788b692df7c4ec18f6" title="Multiplica la matriz A por el vector B dejando el Resultado en R." alt="" coords="536,157,656,185">
<area shape="rect" id="node55" href="$dd/d6d/class_matriz___dispersa.html#ca785dc7b313b03593c78aa358f95c10" title="Producto matriz dispersa por un vector." alt="" coords="472,1981,720,2009">
<area shape="rect" id="node58" href="$d9/daf/class_rutinas___paralelas.html#40b52e00f2965f80e1241e6446e76ef5" title="Multiplica una matriz dispersa por un vector, guardando en vector salida el resultado..." alt="" coords="431,1677,761,1705">
<area shape="rect" id="node61" href="$d9/daf/class_rutinas___paralelas.html#64a4c2c4d1c46176706617cb510155c9" title="Multiplica una matriz dispersa por un vector, guardando en una seccion el vector..." alt="" coords="403,1778,789,1806">
<area shape="rect" id="node64" href="$d9/daf/class_rutinas___paralelas.html#a2330a25fa9c96abba245b59d0207969" title="Multiplica una matriz dispersa por un vector, guardando en una seccion el vector..." alt="" coords="383,1271,809,1299">
<area shape="rect" id="node66" href="$d9/daf/class_rutinas___paralelas.html#196af3cdf301ea19da6a2fa1b387844f" title="Multiplica una matriz traspuesta dispersa por un vector, guardando en vector salida..." alt="" coords="427,1626,765,1654">
<area shape="rect" id="node71" href="$d9/d85/class_sistema___lineal.html#62051f00d59e3aa833a0d5fc4d2953ab" title="Resuelve Ax=b usando el metodo Gauss Seidel." alt="" coords="467,1930,725,1958">
<area shape="rect" id="node74" href="$d9/d85/class_sistema___lineal.html#f9c6e4765b533131244361805898a91a" title="Resuelve Ax=b usando el metodo Jacobi." alt="" coords="489,2031,703,2059">
<area shape="rect" id="node77" href="$d6/db7/class_elemento___triangular.html#4740d65549497d17f8ce1c7f1ad9f554" title="Reserva memoria para el centroide y asigna el valor del centro geometrico del elemento..." alt="" coords="481,207,711,235">
<area shape="rect" id="node79" href="$d1/d5c/class_f_e_m2_d.html#54775d895b9af00cd737783d5f90030f" title="Suma un aporte nodal al vector de cargas global B del sistema de ecuaciones." alt="" coords="484,1322,708,1350">
<area shape="rect" id="node81" href="$d9/d04/class_e_t_r_a_d.html#95a55e6ffd09925ced072ea8984a3b6b" title="Asigna el valor de absorcion al vector Ua en la posicion &quot;indice&quot;." alt="" coords="520,1069,672,1097">
<area shape="rect" id="node85" href="$d9/d04/class_e_t_r_a_d.html#61a282d2eed69c5d317219dfde61d95f" title="Asigna el valor de scattering al vector Us en la posicion &quot;indice&quot;." alt="" coords="520,714,672,742">
<area shape="rect" id="node89" href="$d0/dbd/class_elemento___frontera.html#47ee4edb292f2d752ef7206d427880d0" title="Asigna un valor al vector borde en columna." alt="" coords="473,258,719,286">
<area shape="rect" id="node91" href="$d6/db7/class_elemento___triangular.html#4c2eb3607ee39a9197a3cb691b7db359" title="Asigna los valores al vector de carga del elemento." alt="" coords="469,562,723,590">
<area shape="rect" id="node93" href="$d6/db7/class_elemento___triangular.html#af6e62e79ff2f4e0194f3b3693cb82d9" title="Reserva memoria y asigna el vector gradiente del elemento." alt="" coords="459,613,733,641">
<area shape="rect" id="node95" href="$d0/dbd/class_elemento___frontera.html#460a31a3bed0989d9b7c6c9b8a0ca337" title="Reserva memoria y asigna el vector normal a un elemento frontera." alt="" coords="471,1423,721,1451">
<area shape="rect" id="node97" href="$d9/d85/class_sistema___lineal.html#5f7919109bfc14849f6538e5aa0f9bc0" title="Resuelve el sistema LY=B, dados L y B." alt="" coords="515,1525,677,1553">
<area shape="rect" id="node99" href="$d9/d85/class_sistema___lineal.html#5b8fc00508e86a9070dac2aa213d3e51" title="Resuelve un sistema factorizado utilizando Cholesky LLT." alt="" coords="508,1018,684,1046">
<area shape="rect" id="node102" href="$d9/d85/class_sistema___lineal.html#5b4cee95d591129db28aa76341a0d646" title="Resuelve el sistema Ax=LUx = b." alt="" coords="511,1879,681,1907">
<area shape="rect" id="node105" href="$d9/d85/class_sistema___lineal.html#a5f79942effd4bb705f09a054db19ca3" title="Resuelve el sistema UX=Y, dados U y Y." alt="" coords="513,1373,679,1401">
<area shape="rect" id="node7" href="$d2/d56/class_f_e_m.html#d1aea7b8611e582dbb499b100ffe67b1" title="Carga datos de calculos elementales a una matriz global para futuro calculo paralelo..." alt="" coords="872,1018,1109,1046">
<area shape="rect" id="node83" href="$d9/d04/class_e_t_r_a_d.html#34ad7ad06ebb87b2dd48ed5d61b298d6" title="Carga del archivo que contiene los datos de absorcion en los distintos subdominios..." alt="" coords="905,1434,1076,1462">
<area shape="rect" id="node87" href="$d9/d04/class_e_t_r_a_d.html#42afeac61d3d69f05a1eab1bc1bbbf96" title="Carga el archivo que contiene los datos de scattering en los distintos subdominios..." alt="" coords="905,967,1076,995">
<area shape="rect" id="node118" href="$d5/d35/class_geometria2_d___triangulos.html#8dbc0268621cc932c699c1e2b084ea55" title="Funcion que carga las densidades nodales obtenidas por el metodo de elementos finitos..." alt="" coords="420,2386,772,2414">
