<area shape="rect" id="node3" href="$d9/daf/class_rutinas___paralelas.html#8c69adffccf5332ba7f9ccb7b9a69214" title="Almacena en una fila especifica de la matriz Datos_Elementos (id elemento, area,..." alt="" coords="228,5,527,33">
<area shape="rect" id="node7" href="$df/d0a/main_8cpp.html#0ddf1224851353fc92bfbff6f499fa97" title="Programa principal &#45; Soluciona la ecuacion diferencial de transporte de la luz en..." alt="" coords="1377,429,1425,457">
<area shape="rect" id="node9" href="$dd/d6d/class_matriz___dispersa.html#cf625f41dd5e61b1868589593495fd4d" title="Almacena en formato CSR de una entrada de tipo Matriz." alt="" coords="240,106,515,134">
<area shape="rect" id="node13" href="$dd/d6d/class_matriz___dispersa.html#e4fcdc76c5102526b6de758adc399a51" title="Almacena en formato CSR de una entrada de tipo map (Hash)." alt="" coords="221,157,533,185">
<area shape="rect" id="node17" href="$de/d84/class_vector___disperso.html#64bc7d960e7531e35fb2fa95f16ba4d6" title="Almacena en formato vector &#45; columnas VDC." alt="" coords="240,207,515,235">
<area shape="rect" id="node19" href="$d9/daf/class_rutinas___paralelas.html#59a20a3a5d6071a7d0e97b59f2724941" title="Almacena en punteros los nodos de la geometria FEM para distribucion de informacion..." alt="" coords="669,511,976,539">
<area shape="rect" id="node24" href="$d9/daf/class_rutinas___paralelas.html#449530405be50371719b28f7c5cc7c04" title="Almacena en punteros los nodos de la grilla para distribucion de informacion entre..." alt="" coords="239,309,516,337">
<area shape="rect" id="node26" href="$d5/d35/class_geometria2_d___triangulos.html#45462cd55c487b9c07778d3e5fa0e019" title="Calcula las densidades de una serie de puntos definidos en una grilla &#45; Este proceso..." alt="" coords="209,410,545,438">
<area shape="rect" id="node28" href="$d2/d56/class_f_e_m.html#715649b42475eb847e1fd32b56283b93" title="Aproximacion nodal a partir de una grilla de puntos." alt="" coords="737,385,908,413">
<area shape="rect" id="node31" href="$d5/d35/class_geometria2_d___triangulos.html#766c30e93320c1fd81de397f9e4f626f" title="Calcula densidades a partir de una grilla de puntos &#45; Esta funcion es la utilizada..." alt="" coords="191,359,564,387">
<area shape="rect" id="node35" href="$d5/db2/class_vector.html#548bf4d3142df8532124c79cc6a9cb4d" title="Copia el vector a otro vector a." alt="" coords="328,613,427,641">
<area shape="rect" id="node37" href="$d2/d56/class_f_e_m.html#826fb0f16335d5896d17a3a7abab46aa" title="Establece el tipo de tratamiento numerico con el cula se trabaja en la resolucion..." alt="" coords="1053,587,1328,615">
<area shape="rect" id="node40" href="$d9/d85/class_sistema___lineal.html#f87671a678c8abf8ce4c22fe7f5c0ae4" title="Redimensiona un sistema de ecuaciones representados matricialmente, indicando que..." alt="" coords="693,562,952,590">
<area shape="rect" id="node44" href="$d8/d4a/class_geometria2_d.html#cd7be59d30b8b459bfcd01ca1fca62fa" title="Genera una grilla de puntos a partir de informacion particionada de la grilla y almacena..." alt="" coords="253,461,501,489">
<area shape="rect" id="node49" href="$d9/d85/class_sistema___lineal.html#f2efe219c73509e50385d87a326a7c0e" title="Algoritmo LSQR para matrices dispersas." alt="" coords="719,866,927,894">
<area shape="rect" id="node51" href="$d2/d56/class_f_e_m.html#7af0f0176badaa510abdc09c28588c8d" title="Resolucion del sistema de ecuaciones." alt="" coords="1093,1037,1288,1065">
<area shape="rect" id="node54" href="$d9/d85/class_sistema___lineal.html#6e7fa4c926d3ccf67a5ea93831b13b7f" title="Algoritmo LSQR." alt="" coords="695,790,951,818">
<area shape="rect" id="node57" href="$d9/d85/class_sistema___lineal.html#2b9e62158dcb700a20e8f429c8c50454" title="Algoritmo LSQR paralelo para matrices dispersas." alt="" coords="691,1037,955,1065">
<area shape="rect" id="node61" href="$d4/d09/class_matriz.html#750996ec7564f3788b692df7c4ec18f6" title="Multiplica la matriz A por el vector B dejando el Resultado en R." alt="" coords="317,917,437,945">
<area shape="rect" id="node63" href="$dd/d6d/class_matriz___dispersa.html#ca785dc7b313b03593c78aa358f95c10" title="Producto matriz dispersa por un vector." alt="" coords="253,866,501,894">
<area shape="rect" id="node66" href="$d9/daf/class_rutinas___paralelas.html#40b52e00f2965f80e1241e6446e76ef5" title="Multiplica una matriz dispersa por un vector, guardando en vector salida el resultado..." alt="" coords="212,1170,543,1198">
<area shape="rect" id="node69" href="$d9/daf/class_rutinas___paralelas.html#64a4c2c4d1c46176706617cb510155c9" title="Multiplica una matriz dispersa por un vector, guardando en una seccion el vector..." alt="" coords="184,967,571,995">
<area shape="rect" id="node72" href="$d9/daf/class_rutinas___paralelas.html#a2330a25fa9c96abba245b59d0207969" title="Multiplica una matriz dispersa por un vector, guardando en una seccion el vector..." alt="" coords="164,1119,591,1147">
<area shape="rect" id="node74" href="$d9/daf/class_rutinas___paralelas.html#196af3cdf301ea19da6a2fa1b387844f" title="Multiplica una matriz traspuesta dispersa por un vector, guardando en vector salida..." alt="" coords="208,1069,547,1097">
<area shape="rect" id="node79" href="$d9/d85/class_sistema___lineal.html#62051f00d59e3aa833a0d5fc4d2953ab" title="Resuelve Ax=b usando el metodo Gauss Seidel." alt="" coords="693,1125,952,1153">
<area shape="rect" id="node82" href="$d9/d85/class_sistema___lineal.html#f9c6e4765b533131244361805898a91a" title="Resuelve Ax=b usando el metodo Jacobi." alt="" coords="716,1251,929,1279">
<area shape="rect" id="node85" href="$d6/db7/class_elemento___triangular.html#4740d65549497d17f8ce1c7f1ad9f554" title="Reserva memoria para el centroide y asigna el valor del centro geometrico del elemento..." alt="" coords="263,1322,492,1350">
<area shape="rect" id="node89" href="$d1/d5c/class_f_e_m2_d.html#54775d895b9af00cd737783d5f90030f" title="Suma un aporte nodal al vector de cargas global B del sistema de ecuaciones." alt="" coords="265,1373,489,1401">
<area shape="rect" id="node93" href="$d9/d04/class_e_t_r_a_d.html#95a55e6ffd09925ced072ea8984a3b6b" title="Asigna el valor de absorcion al vector Ua en la posicion &quot;indice&quot;." alt="" coords="301,1423,453,1451">
<area shape="rect" id="node97" href="$d9/d04/class_e_t_r_a_d.html#61a282d2eed69c5d317219dfde61d95f" title="Asigna el valor de scattering al vector Us en la posicion &quot;indice&quot;." alt="" coords="301,1474,453,1502">
<area shape="rect" id="node101" href="$d0/dbd/class_elemento___frontera.html#47ee4edb292f2d752ef7206d427880d0" title="Asigna un valor al vector borde en columna." alt="" coords="255,1525,500,1553">
<area shape="rect" id="node103" href="$d6/db7/class_elemento___triangular.html#4c2eb3607ee39a9197a3cb691b7db359" title="Asigna los valores al vector de carga del elemento." alt="" coords="251,1575,504,1603">
<area shape="rect" id="node107" href="$d6/db7/class_elemento___triangular.html#af6e62e79ff2f4e0194f3b3693cb82d9" title="Reserva memoria y asigna el vector gradiente del elemento." alt="" coords="240,1626,515,1654">
<area shape="rect" id="node111" href="$d0/dbd/class_elemento___frontera.html#460a31a3bed0989d9b7c6c9b8a0ca337" title="Reserva memoria y asigna el vector normal a un elemento frontera." alt="" coords="252,1677,503,1705">
<area shape="rect" id="node113" href="$d9/d85/class_sistema___lineal.html#5f7919109bfc14849f6538e5aa0f9bc0" title="Resuelve el sistema LY=B, dados L y B." alt="" coords="296,1727,459,1755">
<area shape="rect" id="node115" href="$d9/d85/class_sistema___lineal.html#5b8fc00508e86a9070dac2aa213d3e51" title="Resuelve un sistema factorizado utilizando Cholesky LLT." alt="" coords="735,1727,911,1755">
<area shape="rect" id="node118" href="$d9/d85/class_sistema___lineal.html#5b4cee95d591129db28aa76341a0d646" title="Resuelve el sistema Ax=LUx = b." alt="" coords="737,1803,908,1831">
<area shape="rect" id="node121" href="$d9/d85/class_sistema___lineal.html#a5f79942effd4bb705f09a054db19ca3" title="Resuelve el sistema UX=Y, dados U y Y." alt="" coords="295,1879,460,1907">
<area shape="rect" id="node5" href="$d2/d56/class_f_e_m.html#d1aea7b8611e582dbb499b100ffe67b1" title="Carga datos de calculos elementales a una matriz global para futuro calculo paralelo..." alt="" coords="1072,5,1309,33">
<area shape="rect" id="node11" href="$dd/d6d/class_matriz___dispersa.html#9764ca0ba62368fdf8553ac8e93853fa" title="Constructor sobrecargado de la clase con entrada Matriz y almacenamiento en formato..." alt="" coords="715,106,931,134">
<area shape="rect" id="node15" href="$dd/d6d/class_matriz___dispersa.html#ac5b0a190286824f0b0201ce84be41a5" title="Constructor sobrecargado de la clase con entrada Matriz." alt="" coords="715,157,931,185">
<area shape="rect" id="node21" href="$d2/d56/class_f_e_m.html#7b894b8fda86f5a0b917a24c64b7efb8" title="Adquisicion de datos de la grilla a calcular." alt="" coords="1085,461,1296,489">
<area shape="rect" id="node46" href="$d5/d35/class_geometria2_d___triangulos.html#6cf1974b5d2e8ad6eb52ea230a26511f" title="Lamada a generar una grilla y almacenar las coordenadas en vectores." alt="" coords="655,461,991,489">
<area shape="rect" id="node87" href="$d5/d35/class_geometria2_d___triangulos.html#dc700d4abea15dca68c3c9dcdc87edfe" title="Calcula el centroide del elemento &quot;id&quot; de la geometria." alt="" coords="679,1322,967,1350">
<area shape="rect" id="node91" href="$d1/d5c/class_f_e_m2_d.html#516b526f7cb2abdad10f427b26f888fe" title="Construye el vector de cargas global B del sistema de ecuaciones calculada con elementos..." alt="" coords="679,1373,967,1401">
<area shape="rect" id="node95" href="$d9/d04/class_e_t_r_a_d.html#34ad7ad06ebb87b2dd48ed5d61b298d6" title="Carga del archivo que contiene los datos de absorcion en los distintos subdominios..." alt="" coords="737,1423,908,1451">
<area shape="rect" id="node99" href="$d9/d04/class_e_t_r_a_d.html#42afeac61d3d69f05a1eab1bc1bbbf96" title="Carga el archivo que contiene los datos de scattering en los distintos subdominios..." alt="" coords="737,1474,908,1502">
<area shape="rect" id="node105" href="$d5/d35/class_geometria2_d___triangulos.html#4da3b66daecb575bbaebfe54b3756e9d" title="Calcula el vector de carga de un elemento &quot;id&quot;." alt="" coords="640,1575,1005,1603">
<area shape="rect" id="node109" href="$d5/d35/class_geometria2_d___triangulos.html#d500273f6557a4e62c6f9e7c34933221" title="Calcula el vector gradiente del elemento &quot;id&quot; en el nodo &quot;nodo&quot;..." alt="" coords="656,1626,989,1654">
