<area shape="rect" id="node3" href="$d6/d47/_geometria2_d_8hpp.html" title="Geometria2D.hpp" alt="" coords="99,83,221,111">
<area shape="rect" id="node5" href="$d1/dfa/_geometria_8hpp.html" title="Geometria.hpp" alt="" coords="161,161,268,189">
<area shape="rect" id="node39" href="$d1/da5/_matriz___entera_8hpp.html" title="Matriz_Entera.hpp" alt="" coords="37,315,165,343">
<area shape="rect" id="node7" href="$da/d93/_elemento_8hpp.html" title="Elemento.hpp" alt="" coords="164,238,265,266">
<area shape="rect" id="node27" href="$de/dc7/_archivo_8hpp.html" title="Archivo.hpp" alt="" coords="289,238,377,266">
<area shape="rect" id="node9" href="$d2/dc2/_nodo__2_d_8hpp.html" title="Nodo_2D.hpp" alt="" coords="189,315,288,343">
<area shape="rect" id="node11" href="$d4/d2b/_nodo_8hpp.html" title="Nodo.hpp" alt="" coords="180,393,255,421">
<area shape="rect" id="node13" href="$d2/dbe/_vector___entero_8hpp.html" title="Vector_Entero.hpp" alt="" coords="140,470,268,498">
<area shape="rect" id="node29" href="$d3/dfa/_matriz_8hpp.html" title="Matriz.hpp" alt="" coords="292,393,375,421">
<area shape="rect" id="node31" href="$db/d20/_vector_8hpp.html" title="Vector.hpp" alt="" coords="292,470,375,498">
