<area shape="rect" id="node3" href="$d6/d47/_geometria2_d_8hpp.html" title="Geometria2D.hpp" alt="" coords="261,83,384,111">
<area shape="rect" id="node5" href="$d1/d8a/_geometria2_d___triangulos_8hpp.html" title="Geometria2D_Triangulos.hpp" alt="" coords="36,161,223,189">
<area shape="rect" id="node19" href="$d5/d9e/_rutinas___paralelas_8hpp.html" title="Rutinas_Paralelas.hpp" alt="" coords="247,161,399,189">
<area shape="rect" id="node28" href="$d0/dcd/_geometria2_d_8cpp.html" title="Geometria2D.cpp" alt="" coords="423,161,545,189">
<area shape="rect" id="node7" href="$d7/dd9/_f_e_m_8hpp.html" title="FEM.hpp" alt="" coords="59,315,133,343">
<area shape="rect" id="node17" href="$d9/d4b/_geometria2_d___triangulos_8cpp.html" title="Geometria2D_Triangulos.cpp" alt="" coords="40,238,227,266">
<area shape="rect" id="node9" href="$d8/db6/_f_e_m_8cpp.html" title="FEM.cpp" alt="" coords="5,393,80,421">
<area shape="rect" id="node11" href="$d4/dff/_f_e_m2_d_8hpp.html" title="FEM2D.hpp" alt="" coords="104,393,195,421">
<area shape="rect" id="node13" href="$d8/dcf/_f_e_m2_d_8cpp.html" title="FEM2D.cpp" alt="" coords="51,470,141,498">
<area shape="rect" id="node15" href="$df/d0a/main_8cpp.html" title="main.cpp" alt="" coords="165,470,240,498">
<area shape="rect" id="node21" href="$d9/dc1/_sistema___lineal_8hpp.html" title="Sistema_Lineal.hpp" alt="" coords="251,238,387,266">
<area shape="rect" id="node26" href="$d8/d7f/_rutinas___paralelas_8cpp.html" title="Rutinas_Paralelas.cpp" alt="" coords="411,238,563,266">
<area shape="rect" id="node24" href="$d9/d2a/_sistema___lineal_8cpp.html" title="Sistema_Lineal.cpp" alt="" coords="251,315,387,343">
