<area shape="rect" id="node3" href="$d8/d4a/class_geometria2_d.html#2a8ec2cb35c69fe67d6a45c84d5a27fb" title="Retorna la distancia de X." alt="" coords="327,5,521,33">
<area shape="rect" id="node5" href="$d8/d4a/class_geometria2_d.html#49fe8507432b27490fa80913ac8f2495" title="Retorna la distancia de Y." alt="" coords="327,55,521,83">
<area shape="rect" id="node7" href="$d8/d4a/class_geometria2_d.html#ee7ff27650a7091ffc29b1620ba2dff9" title="Retorna el maximo valor del dominio en X." alt="" coords="341,106,507,134">
<area shape="rect" id="node9" href="$d8/d4a/class_geometria2_d.html#1de1e0a17216c4bf08a84d1fb2069392" title="Retorna el maximo valor del dominio en Y." alt="" coords="340,157,508,185">
<area shape="rect" id="node11" href="$d8/d4a/class_geometria2_d.html#5853b8aef20c8232b8b2e30ef4ba4aa9" title="Retorna el minimo valor del dominio en X." alt="" coords="344,207,504,235">
<area shape="rect" id="node13" href="$d8/d4a/class_geometria2_d.html#1dc5e8351258ed2be05ae01e449342ef" title="Retorna el minimo valor del dominio en Y." alt="" coords="343,258,505,286">
<area shape="rect" id="node15" href="$d8/d4a/class_geometria2_d.html#3110085cc513f2de781885d52a35ea53" title="Retorna el numeo de puntos de la grilla." alt="" coords="300,309,548,337">
<area shape="rect" id="node17" href="$d8/d4a/class_geometria2_d.html#07fbf4dd4cde2819e99d13d827c85cf4" title="Retorna la resolucion en X." alt="" coords="323,359,525,387">
<area shape="rect" id="node19" href="$d8/d4a/class_geometria2_d.html#9ad4a0cb67f8dcda028fb1a04617d9cc" title="Retorna la solucion en Y." alt="" coords="321,410,527,438">
<area shape="rect" id="node21" href="$dd/d59/class_vector___entero.html#10ed0238f4d5d6dd098d23eeb8ffc077" title="Retorna valor de col." alt="" coords="345,461,503,489">
<area shape="rect" id="node25" href="$d5/db2/class_vector.html#26f38adeb1c2a385b7d5480dd7e474dd" title="Retorna valor de la columna col del vector." alt="" coords="368,511,480,539">
<area shape="rect" id="node29" href="$d8/d4a/class_geometria2_d.html#d8990405ef81084b277ea7921fb3237b" title="Almacena la distancia entre el minimo y el maximo del eje X de la grilla." alt="" coords="328,562,520,590">
<area shape="rect" id="node31" href="$d8/d4a/class_geometria2_d.html#e027f2128b5c0315f9794119587eb907" title="Almacena la distancia entre el maximo y el minimo del eje Y de la grilla." alt="" coords="327,613,521,641">
<area shape="rect" id="node33" href="$da/d18/class_nodo.html#6ebadc4bef21564fa6f51383b10eb27b" title="Asigna el identificador del nodo." alt="" coords="357,663,491,691">
<area shape="rect" id="node35" href="$d8/d4a/class_geometria2_d.html#fbd6b4e0b67f921d2cb7ad7a18254005" title="Almacena los maximos del dominio global." alt="" coords="337,714,511,742">
<area shape="rect" id="node37" href="$d8/d4a/class_geometria2_d.html#33094565999d81eef58c03af71938e1e" title="Almacena los minimo del dominio global." alt="" coords="340,765,508,793">
<area shape="rect" id="node39" href="$d8/d4a/class_geometria2_d.html#a353ce1ba526b421633ca59633d8d2a7" title="Almacena el numero total de puntos de la grilla." alt="" coords="300,815,548,843">
<area shape="rect" id="node41" href="$d8/d4a/class_geometria2_d.html#c95ff8c34fa6a7c9e633df6f58694f57" title="Asigna la resolucion X de la grilla." alt="" coords="323,866,525,894">
<area shape="rect" id="node43" href="$d8/d4a/class_geometria2_d.html#0b1aa680f85b12a4296ab096addd82a5" title="Asigna la resolucion Y de la grilla." alt="" coords="321,917,527,945">
<area shape="rect" id="node45" href="$db/dbc/class_nodo__2_d.html#13812949dff0f268ea05b768f11c124a" title="Asigna un valor flotante en x." alt="" coords="367,967,481,995">
<area shape="rect" id="node47" href="$db/dbc/class_nodo__2_d.html#42f47d5db784727501f289aa1248e264" title="Asigna un valor flotante en y." alt="" coords="365,1018,483,1046">
<area shape="rect" id="node23" href="$dd/d59/class_vector___entero.html#f598217377e836e5c86f5c15ae8c6502" title="Visualiza información general de la matriz." alt="" coords="597,461,803,489">
<area shape="rect" id="node27" href="$d5/db2/class_vector.html#1e61a24886a05a02609e75c3d2a53e16" title="Visualiza información general de la matriz." alt="" coords="620,511,780,539">
