<area shape="rect" id="node3" href="$d2/dee/class_archivo.html#812b1ef63ac695139f6b4bfb3aa7ff81" title="Abre el archivo." alt="" coords="461,5,560,33">
<area shape="rect" id="node5" href="$d5/db2/class_vector.html#4d890dc75bc2047d453e4c4f5704e76b" title="Asigna valor de una elemento del vector en columna col." alt="" coords="777,258,884,286">
<area shape="rect" id="node9" href="$d2/dee/class_archivo.html#9dd5f77b08f09bfef21f03e5a0080bcb" title="Cierra el archivo." alt="" coords="457,511,564,539">
<area shape="rect" id="node11" href="$dd/d59/class_vector___entero.html#d1d5779a63bf05b51bec19fa6a03cd29" title="Retorna el numero de columnas." alt="" coords="425,562,596,590">
<area shape="rect" id="node13" href="$d5/db2/class_vector.html#2d54c33656543d5cbd083ef3571348ba" title="Retorna el numero de columnas." alt="" coords="768,435,893,463">
<area shape="rect" id="node15" href="$d9/daf/class_rutinas___paralelas.html#0e4f48806ae96b733b4571c86ed760eb" title="Envia un mensaje que contiene un dato entero." alt="" coords="389,613,632,641">
<area shape="rect" id="node17" href="$d5/db2/class_vector.html#e192f9cd81d8348bbbe6e2ece818609c" title="Obtiene el error norma 2 entre dos vectores." alt="" coords="437,157,584,185">
<area shape="rect" id="node19" href="$d5/db2/class_vector.html#26f38adeb1c2a385b7d5480dd7e474dd" title="Retorna valor de la columna col del vector." alt="" coords="775,207,887,235">
<area shape="rect" id="node22" href="$d2/dee/class_archivo.html#d1120aa3740cdc037ce2a3fb49351133" title="Escribe un Vector a un archivo (Recordar cambiar a Escribe_Vector)." alt="" coords="431,55,591,83">
<area shape="rect" id="node25" href="$d9/d85/class_sistema___lineal.html#23388dc06545a801456333c486e94af4" title="Asigna numero de iteraciones." alt="" coords="407,663,615,691">
<area shape="rect" id="node27" href="$d5/db2/class_vector.html#a32c56760a4a70f2e8c976cc16db84e8" title="Inicializa con valores val el vector." alt="" coords="452,714,569,742">
<area shape="rect" id="node29" href="$d5/db2/class_vector.html#7d950d556a8b23c43502037b4e25a0e9" title="Libera memoria." alt="" coords="431,765,591,793">
<area shape="rect" id="node31" href="$d9/daf/class_rutinas___paralelas.html#40b52e00f2965f80e1241e6446e76ef5" title="Multiplica una matriz dispersa por un vector, guardando en vector salida el resultado..." alt="" coords="345,359,676,387">
<area shape="rect" id="node36" href="$dd/d59/class_vector___entero.html#10ed0238f4d5d6dd098d23eeb8ffc077" title="Retorna valor de col." alt="" coords="752,334,909,362">
<area shape="rect" id="node40" href="$d9/daf/class_rutinas___paralelas.html#64a4c2c4d1c46176706617cb510155c9" title="Multiplica una matriz dispersa por un vector, guardando en una seccion el vector..." alt="" coords="317,207,704,235">
<area shape="rect" id="node45" href="$d9/daf/class_rutinas___paralelas.html#196af3cdf301ea19da6a2fa1b387844f" title="Multiplica una matriz traspuesta dispersa por un vector, guardando en vector salida..." alt="" coords="341,258,680,286">
<area shape="rect" id="node50" href="$d5/db2/class_vector.html#1997155ab1b68e6e06bcc7fe8cbb23d0" title="Calcula el producto punto." alt="" coords="431,815,591,843">
<area shape="rect" id="node52" href="$d9/daf/class_rutinas___paralelas.html#75f07d2a047ad643fcf2f3c1acf5604d" title="Recibe un mensaje que contiene un dato entero." alt="" coords="384,866,637,894">
<area shape="rect" id="node56" href="$d5/db2/class_vector.html#7ad8f53216c5f443d6e1ef7587a938fe" title="Retorna puntero del vector." alt="" coords="408,917,613,945">
<area shape="rect" id="node58" href="$d2/dee/class_archivo.html#4c756c8da75fab13f1c0b5cc636b2724" title="Define el tipo de acceso al archivo." alt="" coords="449,967,572,995">
<area shape="rect" id="node60" href="$d2/dee/class_archivo.html#3960a9c7863da75e6e704a668c488293" title="Asigna un nombre al archivo." alt="" coords="443,1018,579,1046">
<area shape="rect" id="node62" href="$d5/db2/class_vector.html#db22a12698caef87688b1577be609a93" title="Calcula el vector Normal." alt="" coords="435,1069,587,1097">
<area shape="rect" id="node7" href="$d5/db2/class_vector.html#1e61a24886a05a02609e75c3d2a53e16" title="Visualiza información general de la matriz." alt="" coords="980,233,1140,261">
<area shape="rect" id="node38" href="$dd/d59/class_vector___entero.html#f598217377e836e5c86f5c15ae8c6502" title="Visualiza información general de la matriz." alt="" coords="957,334,1163,362">
