<area shape="rect" id="node2" href="$d5/db2/class_vector.html" title="Clase para el trabajar con vectores de tipo double." alt="" coords="89,99,148,127">
<area shape="rect" id="node20" href="$d6/db7/class_elemento___triangular.html" title="Clase que define un elemento finito triangular lineal de 3 nodos." alt="" coords="852,290,991,318">
<area shape="rect" id="node28" href="$d0/dbd/class_elemento___frontera.html" title="Clase que define los elementos que estan en la frontera del dominio, util para un..." alt="" coords="1083,402,1213,430">
<area shape="rect" id="node41" href="$d9/daf/class_rutinas___paralelas.html" title="Clase para trabajar con rutinas paralelas en almacenamiento y calculos." alt="" coords="228,290,353,318">
<area shape="rect" id="node4" href="$d4/d09/class_matriz.html" title="Clase para el trabajar con matrices de tipo double." alt="" coords="352,99,408,127">
<area shape="rect" id="node6" href="$d5/d35/class_geometria2_d___triangulos.html" title="Clase para generar una geometria triangular 2D." alt="" coords="1184,497,1347,525">
<area shape="rect" id="node8" href="$d8/d4a/class_geometria2_d.html" title="Clase base para generar una geometria en 2D." alt="" coords="1340,290,1436,318">
<area shape="rect" id="node10" href="$df/d5d/class_geometria.html" title="Clase base para generar una geometria." alt="" coords="1439,99,1519,127">
<area shape="rect" id="node12" href="$df/d98/class_matriz___entera.html" title="Clase para el trabajar con matrices Enteras sin signo." alt="" coords="983,99,1084,127">
<area shape="rect" id="node14" href="$db/dbc/class_nodo__2_d.html" title="Clase para definir un nodo bidimensional." alt="" coords="1324,99,1399,127">
<area shape="rect" id="node16" href="$da/d18/class_nodo.html" title="Clase utilizada para definir un nodo de un elemento finito." alt="" coords="1336,6,1387,34">
<area shape="rect" id="node18" href="$dd/d59/class_vector___entero.html" title="Clase para el trabajar con vectores enteros long long sin signo." alt="" coords="1603,6,1707,34">
<area shape="rect" id="node38" href="$d9/d85/class_sistema___lineal.html" title="Clase para trabajar con sistema lineales." alt="" coords="1885,194,1995,222">
<area shape="rect" id="node22" href="$d9/d09/class_elemento.html" title="Clase que define un elemento finito, donde se indica el tipo de elemento y el indice..." alt="" coords="884,99,959,127">
