<area shape="rect" id="node5" href="$d2/dbe/_vector___entero_8hpp.html" title="Vector_Entero.hpp" alt="" coords="343,470,471,498">
<area shape="rect" id="node19" href="$db/d20/_vector_8hpp.html" title="Vector.hpp" alt="" coords="236,470,319,498">
<area shape="rect" id="node27" href="$d9/d8c/_matriz___dispersa_8hpp.html" title="Matriz_Dispersa.hpp" alt="" coords="184,238,323,266">
<area shape="rect" id="node35" href="$dc/dff/_vector___disperso_8hpp.html" title="Vector_Disperso.hpp" alt="" coords="133,393,275,421">
<area shape="rect" id="node39" href="$d6/d47/_geometria2_d_8hpp.html" title="Geometria2D.hpp" alt="" coords="333,83,456,111">
<area shape="rect" id="node29" href="$d3/dfa/_matriz_8hpp.html" title="Matriz.hpp" alt="" coords="349,315,432,343">
<area shape="rect" id="node41" href="$d1/dfa/_geometria_8hpp.html" title="Geometria.hpp" alt="" coords="341,161,448,189">
<area shape="rect" id="node53" href="$d1/da5/_matriz___entera_8hpp.html" title="Matriz_Entera.hpp" alt="" coords="476,161,604,189">
<area shape="rect" id="node43" href="$da/d93/_elemento_8hpp.html" title="Elemento.hpp" alt="" coords="459,238,560,266">
<area shape="rect" id="node50" href="$de/dc7/_archivo_8hpp.html" title="Archivo.hpp" alt="" coords="347,238,435,266">
<area shape="rect" id="node45" href="$d2/dc2/_nodo__2_d_8hpp.html" title="Nodo_2D.hpp" alt="" coords="459,315,557,343">
<area shape="rect" id="node47" href="$d4/d2b/_nodo_8hpp.html" title="Nodo.hpp" alt="" coords="443,393,517,421">
