<area shape="rect" id="node3" href="$d9/d04/class_e_t_r_a_d.html#34ad7ad06ebb87b2dd48ed5d61b298d6" title="Carga del archivo que contiene los datos de absorcion en los distintos subdominios..." alt="" coords="407,233,577,261">
<area shape="rect" id="node28" href="$d9/d04/class_e_t_r_a_d.html#47586aa1df01f51824d809cde91a6fd1" title="Carga el archivo que contiene los datos de las fuentes." alt="" coords="412,309,572,337">
<area shape="rect" id="node40" href="$d9/d04/class_e_t_r_a_d.html#42afeac61d3d69f05a1eab1bc1bbbf96" title="Carga el archivo que contiene los datos de scattering en los distintos subdominios..." alt="" coords="407,359,577,387">
<area shape="rect" id="node54" href="$d5/d35/class_geometria2_d___triangulos.html#24c502399a98c374d5aea103051e2498" title="Carga variables fisicas del problema &#45; Dependiendo de los tipos de problemas se deben..." alt="" coords="275,891,709,919">
<area shape="rect" id="node92" href="$d9/d04/class_e_t_r_a_d.html#2bedf6f0d618465f2f1f1ceb6a63bfc5" title="Retorna la suma del numero de fotones provenientes de las fuentes en todo el dominio..." alt="" coords="399,942,585,970">
<area shape="rect" id="node94" href="$d9/d04/class_e_t_r_a_d.html#e4375b0a8188701d83dd47d4fae3bf5d" title="Retorna el nombre del archivo asociado a la absorcion." alt="" coords="373,993,611,1021">
<area shape="rect" id="node96" href="$d9/d04/class_e_t_r_a_d.html#1c7ccd056c41fbbed4e15693272c7b59" title="Retorna el nombre del archivo asociado a las fuentes." alt="" coords="379,1043,605,1071">
<area shape="rect" id="node98" href="$d9/d04/class_e_t_r_a_d.html#a15984298809ac6f4a0eee8fa476ecb3" title="Retorna el nombre del archivo asociado al scattering." alt="" coords="372,1094,612,1122">
<area shape="rect" id="node100" href="$d2/d56/class_f_e_m.html#738789113ad0052c6f8cc76ae71e06d6" title="Asigna el suma de magnitudes original en vector de cargas." alt="" coords="429,1145,555,1173">
<area shape="rect" id="node5" href="$d2/dee/class_archivo.html#812b1ef63ac695139f6b4bfb3aa7ff81" title="Abre el archivo." alt="" coords="899,106,997,134">
<area shape="rect" id="node7" href="$d2/dee/class_archivo.html#9dd5f77b08f09bfef21f03e5a0080bcb" title="Cierra el archivo." alt="" coords="895,157,1001,185">
<area shape="rect" id="node9" href="$d2/dee/class_archivo.html#660be3409bea4b7b4f5fdc133bf7e6a5" title="Retorna el archivo." alt="" coords="881,207,1015,235">
<area shape="rect" id="node11" href="$d2/dee/class_archivo.html#447aa0d5e486aa5972aacc1cd302c2f9" title="Retorna el numero de lineas del archivo." alt="" coords="868,258,1028,286">
<area shape="rect" id="node13" href="$d5/db2/class_vector.html#26f38adeb1c2a385b7d5480dd7e474dd" title="Retorna valor de la columna col del vector." alt="" coords="892,511,1004,539">
<area shape="rect" id="node17" href="$d9/d04/class_e_t_r_a_d.html#2c2c5f410c385ec3b42f14663a650284" title="Reserva memoria para el vector que contendra los datos de absorcion." alt="" coords="840,5,1056,33">
<area shape="rect" id="node19" href="$d9/d04/class_e_t_r_a_d.html#95a55e6ffd09925ced072ea8984a3b6b" title="Asigna el valor de absorcion al vector Ua en la posicion &quot;indice&quot;." alt="" coords="872,55,1024,83">
<area shape="rect" id="node24" href="$d2/dee/class_archivo.html#4c756c8da75fab13f1c0b5cc636b2724" title="Define el tipo de acceso al archivo." alt="" coords="887,309,1009,337">
<area shape="rect" id="node26" href="$d2/dee/class_archivo.html#3960a9c7863da75e6e704a668c488293" title="Asigna un nombre al archivo." alt="" coords="880,359,1016,387">
<area shape="rect" id="node15" href="$d5/db2/class_vector.html#1e61a24886a05a02609e75c3d2a53e16" title="Visualiza información general de la matriz." alt="" coords="1531,486,1691,514">
<area shape="rect" id="node21" href="$d5/db2/class_vector.html#4d890dc75bc2047d453e4c4f5704e76b" title="Asigna valor de una elemento del vector en columna col." alt="" coords="1281,461,1388,489">
<area shape="rect" id="node31" href="$d4/d09/class_matriz.html#ef90ff9c24c5474b0e09818be945207a" title="Asigna valor en fila, columna." alt="" coords="896,410,1000,438">
<area shape="rect" id="node36" href="$d4/d09/class_matriz.html#a16830eeeea822a3d5e1277d4b718c25" title="Retorna valor en fila, columna." alt="" coords="893,562,1003,590">
<area shape="rect" id="node47" href="$d9/d04/class_e_t_r_a_d.html#4b34fbe43d8260d346e46a16b4298851" title="Reserva memoria para el vector que contendra los datos de scattering." alt="" coords="840,613,1056,641">
<area shape="rect" id="node49" href="$d9/d04/class_e_t_r_a_d.html#61a282d2eed69c5d317219dfde61d95f" title="Asigna el valor de scattering al vector Us en la posicion &quot;indice&quot;." alt="" coords="872,461,1024,489">
<area shape="rect" id="node56" href="$df/d5d/class_geometria.html#4b7013f424338285f21c10cc7d09887a" title="Asigna el numero de fuentes de energia, para problemas de difusion." alt="" coords="820,1119,1076,1147">
<area shape="rect" id="node58" href="$d5/d35/class_geometria2_d___triangulos.html#d44c12ef699be7bd5e2b94b488e24ff6" title="Carga la variable fisica asociada a la fisico&#45;geometria del elemento &quot;id&quot;..." alt="" coords="759,1170,1137,1198">
<area shape="rect" id="node62" href="$d5/d35/class_geometria2_d___triangulos.html#c2bdcdc05b8864ba11af0566b0d06940" title="Carga la variable fisica asociada a la fisico&#45;masa del elemento &quot;id&quot;." alt="" coords="757,1221,1139,1249">
<area shape="rect" id="node66" href="$d9/d04/class_e_t_r_a_d.html#6717a15aee15f5e26045c042f4625168" title="Retorna el coeficiente de difusion de la ecuacion de difusion de la luz, dado absorcion..." alt="" coords="855,1271,1041,1299">
<area shape="rect" id="node68" href="$d4/d09/class_matriz.html#42cedb6b70724eff1b10e4bacbf94fda" title="Retorna el numero de filas." alt="" coords="901,1322,995,1350">
<area shape="rect" id="node70" href="$d6/db7/class_elemento___triangular.html#0bb9fe4aa89cf7d432c50a44129ab29d" title="Retorna el dominio del elemento." alt="" coords="837,1373,1059,1401">
<area shape="rect" id="node72" href="$d9/d04/class_e_t_r_a_d.html#e9e856e59decba3741a98b97964dbcf9" title="Retorna el vector que contiene los datos de scattering." alt="" coords="875,663,1021,691">
<area shape="rect" id="node74" href="$d9/d04/class_e_t_r_a_d.html#b5c8f5ec0c164ac3c606dfcedca20d99" title="Retorna el valor de la funcion de fase." alt="" coords="857,714,1039,742">
<area shape="rect" id="node76" href="$d9/d04/class_e_t_r_a_d.html#c65d2353024b8410b5cc51944e1b3759" title="Retorna el vector que contiene los datos de absorcion." alt="" coords="868,765,1028,793">
<area shape="rect" id="node78" href="$d9/d04/class_e_t_r_a_d.html#a7b0722654afe96d288584266f26ff10" title="Retorna el vector que contiene los datos de scattering." alt="" coords="868,815,1028,843">
<area shape="rect" id="node82" href="$d5/d35/class_geometria2_d___triangulos.html#fcddc1c94120dd4df0add1389537e7e4" title="Reserva memoria para las fuentes." alt="" coords="771,866,1125,894">
<area shape="rect" id="node84" href="$d6/db7/class_elemento___triangular.html#07974c5996ed31824c5e73d53b05c6ac" title="Asigna constante sVariable del elemento asociada al comportamiento fisico del elemento..." alt="" coords="803,917,1093,945">
<area shape="rect" id="node86" href="$db/dbc/class_nodo__2_d.html#6101a3be1dac6ab9dc4f94a5c76bea04" title="Asigna el valor flotante del nodo." alt="" coords="875,967,1021,995">
<area shape="rect" id="node88" href="$db/dbc/class_nodo__2_d.html#13812949dff0f268ea05b768f11c124a" title="Asigna un valor flotante en x." alt="" coords="891,1018,1005,1046">
<area shape="rect" id="node90" href="$db/dbc/class_nodo__2_d.html#42f47d5db784727501f289aa1248e264" title="Asigna un valor flotante en y." alt="" coords="889,1069,1007,1097">
<area shape="rect" id="node60" href="$d6/db7/class_elemento___triangular.html#95741af745c6df5b6ee74568f5b46eeb" title="Asigna constante kVariable del elemento, generamente asociada al comportamiento fisico&#45;geometrico..." alt="" coords="1189,1170,1480,1198">
<area shape="rect" id="node64" href="$d6/db7/class_elemento___triangular.html#9f7f4536052a01024a7c0be5a3bfb8fc" title="Asigna constante mVariable del elemento, generamente asociada al comportamiento fisico&#45;masa..." alt="" coords="1188,1221,1481,1249">
