<area shape="rect" id="node3" href="$d5/db2/class_vector.html#4d890dc75bc2047d453e4c4f5704e76b" title="Asigna valor de una elemento del vector en columna col." alt="" coords="1108,216,1215,244">
<area shape="rect" id="node7" href="$d5/db2/class_vector.html#2d54c33656543d5cbd083ef3571348ba" title="Retorna el numero de columnas." alt="" coords="1099,64,1224,92">
<area shape="rect" id="node9" href="$d5/db2/class_vector.html#548bf4d3142df8532124c79cc6a9cb4d" title="Copia el vector a otro vector a." alt="" coords="885,89,984,117">
<area shape="rect" id="node14" href="$d2/d56/class_f_e_m.html#dc741809ba703314c6a34b101d15e1dd" title="Retorna la geometria de trabajo." alt="" coords="436,216,663,244">
<area shape="rect" id="node16" href="$d5/d35/class_geometria2_d___triangulos.html#3754768563f41be81597f9a3dc5ae03e" title="Retorna el numero global de nodos en la frontera." alt="" coords="329,267,769,295">
<area shape="rect" id="node18" href="$d5/db2/class_vector.html#7d950d556a8b23c43502037b4e25a0e9" title="Libera memoria." alt="" coords="855,191,1015,219">
<area shape="rect" id="node20" href="$d9/d85/class_sistema___lineal.html#f87671a678c8abf8ce4c22fe7f5c0ae4" title="Redimensiona un sistema de ecuaciones representados matricialmente, indicando que..." alt="" coords="420,368,679,396">
<area shape="rect" id="node39" href="$d5/db2/class_vector.html#26f38adeb1c2a385b7d5480dd7e474dd" title="Retorna valor de la columna col del vector." alt="" coords="879,647,991,675">
<area shape="rect" id="node42" href="$d5/db2/class_vector.html#91c0508e962ed5ed8d5014c46beea316" title="Solicita la memoria para el vector." alt="" coords="851,697,1019,725">
<area shape="rect" id="node50" href="$d9/d85/class_sistema___lineal.html#b5ce5f903912eeecc39af1328b7bef9c" title="Asigna el numeros de incognitas del sistema." alt="" coords="436,520,663,548">
<area shape="rect" id="node52" href="$d2/d56/class_f_e_m.html#7a93d852ba25aeab4520c01039dd838c" title="Asigna el orden nodal global." alt="" coords="472,571,627,599">
<area shape="rect" id="node54" href="$d2/d56/class_f_e_m.html#a54e99007f176cf30247eed914c88d4d" title="Asigna el tipo de solucion matricial." alt="" coords="441,621,657,649">
<area shape="rect" id="node5" href="$d5/db2/class_vector.html#1e61a24886a05a02609e75c3d2a53e16" title="Visualiza información general de la matriz." alt="" coords="1272,407,1432,435">
<area shape="rect" id="node22" href="$d4/d09/class_matriz.html#ef90ff9c24c5474b0e09818be945207a" title="Asigna valor en fila, columna." alt="" coords="1109,444,1213,472">
<area shape="rect" id="node25" href="$dd/d59/class_vector___entero.html#8a5590781f0c14a10b03458a7bc70de8" title="Busca un valor en el vector hasta un cierto indice y retorna 1 en caso verdadero..." alt="" coords="819,444,1051,472">
<area shape="rect" id="node27" href="$d4/d09/class_matriz.html#45dd5eb4b50fa4371a0ebc9cc0eb270a" title="Retorna el numero de columnas." alt="" coords="873,495,996,523">
<area shape="rect" id="node30" href="$d4/d09/class_matriz.html#659de37a940bb4303e53c3751f1a2c5f" title="Copia el contenido de la matriz a la matriz a." alt="" coords="885,545,984,573">
<area shape="rect" id="node33" href="$d4/d09/class_matriz.html#a16830eeeea822a3d5e1277d4b718c25" title="Retorna valor en fila, columna." alt="" coords="1107,545,1216,573">
<area shape="rect" id="node36" href="$d4/d09/class_matriz.html#1b7ea548801007f4623fef009256d705" title="Libera memoria." alt="" coords="856,292,1013,320">
<area shape="rect" id="node47" href="$d4/d09/class_matriz.html#a06886e02a6eb98b9e1ae364c4174c6a" title="Asigna memoria." alt="" coords="852,343,1017,371">
<area shape="rect" id="node44" href="$d5/db2/class_vector.html#a32c56760a4a70f2e8c976cc16db84e8" title="Inicializa con valores val el vector." alt="" coords="1103,697,1220,725">
