<area shape="rect" id="node3" href="$d5/d35/class_geometria2_d___triangulos.html#cab1fc0d604102142752e6f407c04a0d" title="Calcula el area del elemento &quot;id&quot; de la geometria." alt="" coords="345,81,604,109">
<area shape="rect" id="node11" href="$d5/d35/class_geometria2_d___triangulos.html#a13fa7b1c7f978e403fcf3f0330b9eb3" title="Calculo de area global del dominio." alt="" coords="329,157,620,185">
<area shape="rect" id="node5" href="$d6/db7/class_elemento___triangular.html#1c51055dbe2c2eca303110d31e830b50" title="Retorna la matriz de permutacion del elemento." alt="" coords="671,5,996,33">
<area shape="rect" id="node7" href="$d4/d09/class_matriz.html#a16830eeeea822a3d5e1277d4b718c25" title="Retorna valor en fila, columna." alt="" coords="779,55,888,83">
<area shape="rect" id="node9" href="$d6/db7/class_elemento___triangular.html#4c0576e03780aef2c0eefed05ab979d2" title="Asigna el area del elemento." alt="" coords="733,106,933,134">
<area shape="rect" id="node13" href="$d5/d35/class_geometria2_d___triangulos.html#72420a675ee495368fbdeb38e514d5c5" title="Amacena el area global del dominio." alt="" coords="673,157,993,185">
<area shape="rect" id="node15" href="$d6/db7/class_elemento___triangular.html#d067704991ae4527c9f216abc134b45b" title="retorna el area del elemento" alt="" coords="732,207,935,235">
