<area shape="rect" id="node3" href="$d2/dee/class_archivo.html#812b1ef63ac695139f6b4bfb3aa7ff81" title="Abre el archivo." alt="" coords="443,5,541,33">
<area shape="rect" id="node5" href="$d2/dee/class_archivo.html#9dd5f77b08f09bfef21f03e5a0080bcb" title="Cierra el archivo." alt="" coords="439,55,545,83">
<area shape="rect" id="node7" href="$d2/dee/class_archivo.html#660be3409bea4b7b4f5fdc133bf7e6a5" title="Retorna el archivo." alt="" coords="425,106,559,134">
<area shape="rect" id="node9" href="$d2/dee/class_archivo.html#447aa0d5e486aa5972aacc1cd302c2f9" title="Retorna el numero de lineas del archivo." alt="" coords="412,157,572,185">
<area shape="rect" id="node11" href="$db/dbc/class_nodo__2_d.html#6101a3be1dac6ab9dc4f94a5c76bea04" title="Asigna el valor flotante del nodo." alt="" coords="419,207,565,235">
<area shape="rect" id="node13" href="$d2/dee/class_archivo.html#4c756c8da75fab13f1c0b5cc636b2724" title="Define el tipo de acceso al archivo." alt="" coords="431,258,553,286">
<area shape="rect" id="node15" href="$d2/dee/class_archivo.html#3960a9c7863da75e6e704a668c488293" title="Asigna un nombre al archivo." alt="" coords="424,309,560,337">
