<area shape="rect" id="node3" href="$d6/db7/class_elemento___triangular.html#4c0655995692de148ec43529a6c9a013" title="Retorna la numeracion nodal global del nodo local &quot;Posicion_Nodal&quot;." alt="" coords="341,5,584,33">
<area shape="rect" id="node7" href="$db/dbc/class_nodo__2_d.html#a9cce743fba2794634bae77d2a5ac3e0" title="Retorna el valor de x del nodo." alt="" coords="404,55,521,83">
<area shape="rect" id="node9" href="$db/dbc/class_nodo__2_d.html#1b0220277e032a60ae32cceea2b776e3" title="Retorna el valor de y del nodo." alt="" coords="403,106,523,134">
<area shape="rect" id="node11" href="$d6/db7/class_elemento___triangular.html#4740d65549497d17f8ce1c7f1ad9f554" title="Reserva memoria para el centroide y asigna el valor del centro geometrico del elemento..." alt="" coords="348,157,577,185">
<area shape="rect" id="node5" href="$da/d18/class_nodo.html#938759f4a728e7c0f849a77b2e0dcb99" title="Retorna el identificador del nodo." alt="" coords="633,5,767,33">
<area shape="rect" id="node13" href="$d5/db2/class_vector.html#4d890dc75bc2047d453e4c4f5704e76b" title="Asigna valor de una elemento del vector en columna col." alt="" coords="647,157,753,185">
<area shape="rect" id="node15" href="$d5/db2/class_vector.html#1e61a24886a05a02609e75c3d2a53e16" title="Visualiza información general de la matriz." alt="" coords="816,157,976,185">
