<area shape="rect" id="node3" href="$d5/db2/class_vector.html#4d890dc75bc2047d453e4c4f5704e76b" title="Asigna valor de una elemento del vector en columna col." alt="" coords="569,5,676,33">
<area shape="rect" id="node7" href="$d5/db2/class_vector.html#2d54c33656543d5cbd083ef3571348ba" title="Retorna el numero de columnas." alt="" coords="560,55,685,83">
<area shape="rect" id="node9" href="$d5/d35/class_geometria2_d___triangulos.html#4220aca1068abfee1e2acead1e570685" title="Calcula la funcion de forma con los parametros: Area del elemento, Ai, Bi y Ci (constantes..." alt="" coords="480,106,765,134">
<area shape="rect" id="node11" href="$d5/d35/class_geometria2_d___triangulos.html#4604a7f71ad28802c3deeb3ecac9d25c" title="Verifica si un punto pertence al interior de un triangulo dadas las tres coordenadas..." alt="" coords="429,157,816,185">
<area shape="rect" id="node15" href="$dd/d59/class_vector___entero.html#10ed0238f4d5d6dd098d23eeb8ffc077" title="Retorna valor de col." alt="" coords="544,207,701,235">
<area shape="rect" id="node5" href="$d5/db2/class_vector.html#1e61a24886a05a02609e75c3d2a53e16" title="Visualiza información general de la matriz." alt="" coords="971,5,1131,33">
<area shape="rect" id="node13" href="$d5/d35/class_geometria2_d___triangulos.html#656f2c25f6b6cc81130b38300bf73836" title="Retorna la orientacion de un triangulo dadas las 3 coordenadas." alt="" coords="865,157,1236,185">
<area shape="rect" id="node17" href="$dd/d59/class_vector___entero.html#f598217377e836e5c86f5c15ae8c6502" title="Visualiza información general de la matriz." alt="" coords="948,207,1153,235">
