<area shape="rect" id="node3" href="$d5/d35/class_geometria2_d___triangulos.html#a4d7757e5004a8b8af961fc55ff7f1e1" title="Busca el valor minimo de los nodos del elemento &quot;id&quot; en el eje X (0) o..." alt="" coords="520,93,827,121">
<area shape="rect" id="node5" href="$d6/db7/class_elemento___triangular.html#4c0655995692de148ec43529a6c9a013" title="Retorna la numeracion nodal global del nodo local &quot;Posicion_Nodal&quot;." alt="" coords="925,5,1168,33">
<area shape="rect" id="node9" href="$db/dbc/class_nodo__2_d.html#a9cce743fba2794634bae77d2a5ac3e0" title="Retorna el valor de x del nodo." alt="" coords="988,81,1105,109">
<area shape="rect" id="node11" href="$db/dbc/class_nodo__2_d.html#1b0220277e032a60ae32cceea2b776e3" title="Retorna el valor de y del nodo." alt="" coords="987,131,1107,159">
<area shape="rect" id="node16" href="$d6/db7/class_elemento___triangular.html#ca1b723f71dc399da3c921cf2ed0c162" title="Reserva memoria y define un arreglo de objetos Nodo_2D[] que pertenecen al elemento..." alt="" coords="469,194,877,222">
<area shape="rect" id="node7" href="$da/d18/class_nodo.html#938759f4a728e7c0f849a77b2e0dcb99" title="Retorna el identificador del nodo." alt="" coords="1217,5,1351,33">
