<area shape="rect" id="node3" href="$d9/d85/class_sistema___lineal.html#26bfadb6eb48dad7204072cc0cb06d00" title="Factoriza la matriz A en L y U dejandolas en la misma matriz." alt="" coords="335,55,529,83">
<area shape="rect" id="node11" href="$d9/d85/class_sistema___lineal.html#5b4cee95d591129db28aa76341a0d646" title="Resuelve el sistema Ax=LUx = b." alt="" coords="347,106,517,134">
<area shape="rect" id="node5" href="$d4/d09/class_matriz.html#ef90ff9c24c5474b0e09818be945207a" title="Asigna valor en fila, columna." alt="" coords="589,5,693,33">
<area shape="rect" id="node7" href="$d4/d09/class_matriz.html#45dd5eb4b50fa4371a0ebc9cc0eb270a" title="Retorna el numero de columnas." alt="" coords="580,106,703,134">
<area shape="rect" id="node9" href="$d4/d09/class_matriz.html#a16830eeeea822a3d5e1277d4b718c25" title="Retorna valor en fila, columna." alt="" coords="587,55,696,83">
<area shape="rect" id="node13" href="$d5/db2/class_vector.html#4d890dc75bc2047d453e4c4f5704e76b" title="Asigna valor de una elemento del vector en columna col." alt="" coords="588,157,695,185">
<area shape="rect" id="node19" href="$d5/db2/class_vector.html#26f38adeb1c2a385b7d5480dd7e474dd" title="Retorna valor de la columna col del vector." alt="" coords="585,207,697,235">
<area shape="rect" id="node15" href="$d5/db2/class_vector.html#1e61a24886a05a02609e75c3d2a53e16" title="Visualiza información general de la matriz." alt="" coords="752,182,912,210">
