<area shape="rect" id="node3" href="$d2/dee/class_archivo.html#812b1ef63ac695139f6b4bfb3aa7ff81" title="Abre el archivo." alt="" coords="285,5,384,33">
<area shape="rect" id="node5" href="$d2/dee/class_archivo.html#9dd5f77b08f09bfef21f03e5a0080bcb" title="Cierra el archivo." alt="" coords="281,55,388,83">
<area shape="rect" id="node7" href="$d2/dee/class_archivo.html#660be3409bea4b7b4f5fdc133bf7e6a5" title="Retorna el archivo." alt="" coords="268,106,401,134">
<area shape="rect" id="node9" href="$d2/dee/class_archivo.html#447aa0d5e486aa5972aacc1cd302c2f9" title="Retorna el numero de lineas del archivo." alt="" coords="255,157,415,185">
<area shape="rect" id="node11" href="$d5/db2/class_vector.html#26f38adeb1c2a385b7d5480dd7e474dd" title="Retorna valor de la columna col del vector." alt="" coords="491,221,603,249">
<area shape="rect" id="node15" href="$d9/d04/class_e_t_r_a_d.html#2c2c5f410c385ec3b42f14663a650284" title="Reserva memoria para el vector que contendra los datos de absorcion." alt="" coords="227,258,443,286">
<area shape="rect" id="node17" href="$d9/d04/class_e_t_r_a_d.html#95a55e6ffd09925ced072ea8984a3b6b" title="Asigna el valor de absorcion al vector Ua en la posicion &quot;indice&quot;." alt="" coords="259,309,411,337">
<area shape="rect" id="node22" href="$d2/dee/class_archivo.html#4c756c8da75fab13f1c0b5cc636b2724" title="Define el tipo de acceso al archivo." alt="" coords="273,359,396,387">
<area shape="rect" id="node24" href="$d2/dee/class_archivo.html#3960a9c7863da75e6e704a668c488293" title="Asigna un nombre al archivo." alt="" coords="267,410,403,438">
<area shape="rect" id="node13" href="$d5/db2/class_vector.html#1e61a24886a05a02609e75c3d2a53e16" title="Visualiza información general de la matriz." alt="" coords="651,253,811,281">
<area shape="rect" id="node19" href="$d5/db2/class_vector.html#4d890dc75bc2047d453e4c4f5704e76b" title="Asigna valor de una elemento del vector en columna col." alt="" coords="493,283,600,311">
