<area shape="rect" id="node3" href="$d9/d85/class_sistema___lineal.html#2b9e62158dcb700a20e8f429c8c50454" title="Algoritmo LSQR paralelo para matrices dispersas." alt="" coords="171,18,435,46">
<area shape="rect" id="node9" href="$d5/db2/class_vector.html#91c0508e962ed5ed8d5014c46beea316" title="Solicita la memoria para el vector." alt="" coords="219,94,387,122">
<area shape="rect" id="node5" href="$d2/d56/class_f_e_m.html#7af0f0176badaa510abdc09c28588c8d" title="Resolucion del sistema de ecuaciones." alt="" coords="832,5,1027,33">
<area shape="rect" id="node7" href="$df/d0a/main_8cpp.html#0ddf1224851353fc92bfbff6f499fa97" title="Programa principal &#45; Soluciona la ecuacion diferencial de transporte de la luz en..." alt="" coords="1116,30,1164,58">
<area shape="rect" id="node11" href="$d2/d56/class_f_e_m.html#826fb0f16335d5896d17a3a7abab46aa" title="Establece el tipo de tratamiento numerico con el cula se trabaja en la resolucion..." alt="" coords="792,55,1067,83">
<area shape="rect" id="node14" href="$d9/d85/class_sistema___lineal.html#f87671a678c8abf8ce4c22fe7f5c0ae4" title="Redimensiona un sistema de ecuaciones representados matricialmente, indicando que..." alt="" coords="484,106,743,134">
<area shape="rect" id="node17" href="$d5/db2/class_vector.html#52673b743ae103093a33f7c1d84e711b" title="Constructor sobrecargado de la clase." alt="" coords="561,157,665,185">
