<area shape="rect" id="node3" href="$d2/d56/class_f_e_m.html#826fb0f16335d5896d17a3a7abab46aa" title="Establece el tipo de tratamiento numerico con el cula se trabaja en la resolucion..." alt="" coords="525,45,800,73">
<area shape="rect" id="node7" href="$d1/d5c/class_f_e_m2_d.html#c9e50c528da8b75604b7aa9fb855e937" title="Libera carga de memoria." alt="" coords="243,96,448,124">
<area shape="rect" id="node11" href="$d9/d85/class_sistema___lineal.html#f2efe219c73509e50385d87a326a7c0e" title="Algoritmo LSQR para matrices dispersas." alt="" coords="241,146,449,174">
<area shape="rect" id="node16" href="$d9/d85/class_sistema___lineal.html#6e7fa4c926d3ccf67a5ea93831b13b7f" title="Algoritmo LSQR." alt="" coords="217,197,473,225">
<area shape="rect" id="node19" href="$d9/d85/class_sistema___lineal.html#2b9e62158dcb700a20e8f429c8c50454" title="Algoritmo LSQR paralelo para matrices dispersas." alt="" coords="213,248,477,276">
<area shape="rect" id="node22" href="$d9/d85/class_sistema___lineal.html#f87671a678c8abf8ce4c22fe7f5c0ae4" title="Redimensiona un sistema de ecuaciones representados matricialmente, indicando que..." alt="" coords="216,45,475,73">
<area shape="rect" id="node25" href="$d5/db2/class_vector.html#2eb3c49587a4f12cade7895ccb73f6a0" title="Destructor de la clase." alt="" coords="289,298,401,326">
<area shape="rect" id="node5" href="$df/d0a/main_8cpp.html#0ddf1224851353fc92bfbff6f499fa97" title="Programa principal &#45; Soluciona la ecuacion diferencial de transporte de la luz en..." alt="" coords="849,96,897,124">
<area shape="rect" id="node9" href="$d1/d5c/class_f_e_m2_d.html#3f8b8ee5a077747329b191c581873984" title="Destructor de la clase." alt="" coords="600,96,725,124">
<area shape="rect" id="node13" href="$d2/d56/class_f_e_m.html#7af0f0176badaa510abdc09c28588c8d" title="Resolucion del sistema de ecuaciones." alt="" coords="565,172,760,200">
<area shape="rect" id="node27" href="$de/d84/class_vector___disperso.html#2d075bd0d6a23aeef44f9f04633b4b4f" title="Destructor de la clase." alt="" coords="548,298,777,326">
