<area shape="rect" id="node3" href="$d9/dc1/_sistema___lineal_8hpp.html" title="Sistema_Lineal.hpp" alt="" coords="92,161,228,189">
<area shape="rect" id="node17" href="$d5/d9e/_rutinas___paralelas_8hpp.html" title="Rutinas_Paralelas.hpp" alt="" coords="197,83,349,111">
<area shape="rect" id="node22" href="$da/d33/_matriz___dispersa_8cpp.html" title="Matriz_Dispersa.cpp" alt="" coords="373,83,512,111">
<area shape="rect" id="node5" href="$d7/dd9/_f_e_m_8hpp.html" title="FEM.hpp" alt="" coords="59,238,133,266">
<area shape="rect" id="node15" href="$d9/d2a/_sistema___lineal_8cpp.html" title="Sistema_Lineal.cpp" alt="" coords="157,238,293,266">
<area shape="rect" id="node7" href="$d8/db6/_f_e_m_8cpp.html" title="FEM.cpp" alt="" coords="5,315,80,343">
<area shape="rect" id="node9" href="$d4/dff/_f_e_m2_d_8hpp.html" title="FEM2D.hpp" alt="" coords="104,315,195,343">
<area shape="rect" id="node11" href="$d8/dcf/_f_e_m2_d_8cpp.html" title="FEM2D.cpp" alt="" coords="51,393,141,421">
<area shape="rect" id="node13" href="$df/d0a/main_8cpp.html" title="main.cpp" alt="" coords="165,393,240,421">
<area shape="rect" id="node20" href="$d8/d7f/_rutinas___paralelas_8cpp.html" title="Rutinas_Paralelas.cpp" alt="" coords="252,161,404,189">
