<area shape="rect" id="node3" href="$dd/d6d/class_matriz___dispersa.html#cf625f41dd5e61b1868589593495fd4d" title="Almacena en formato CSR de una entrada de tipo Matriz." alt="" coords="272,131,547,159">
<area shape="rect" id="node5" href="$d5/db2/class_vector.html#4d890dc75bc2047d453e4c4f5704e76b" title="Asigna valor de una elemento del vector en columna col." alt="" coords="644,5,751,33">
<area shape="rect" id="node9" href="$dd/d59/class_vector___entero.html#3864383d67e707d428456afa29aa6711" title="Asigna un valor en posicion col." alt="" coords="621,55,773,83">
<area shape="rect" id="node13" href="$d4/d09/class_matriz.html#45dd5eb4b50fa4371a0ebc9cc0eb270a" title="Retorna el numero de columnas." alt="" coords="889,119,1012,147">
<area shape="rect" id="node15" href="$dd/d6d/class_matriz___dispersa.html#bcb34296bee2e4a4782cd45927058dcb" title="Retorna el numero de datos de la Matriz." alt="" coords="595,157,800,185">
<area shape="rect" id="node18" href="$d4/d09/class_matriz.html#42cedb6b70724eff1b10e4bacbf94fda" title="Retorna el numero de filas." alt="" coords="904,195,997,223">
<area shape="rect" id="node20" href="$d4/d09/class_matriz.html#a16830eeeea822a3d5e1277d4b718c25" title="Retorna valor en fila, columna." alt="" coords="896,246,1005,274">
<area shape="rect" id="node7" href="$d5/db2/class_vector.html#1e61a24886a05a02609e75c3d2a53e16" title="Visualiza información general de la matriz." alt="" coords="871,5,1031,33">
<area shape="rect" id="node11" href="$dd/d59/class_vector___entero.html#f598217377e836e5c86f5c15ae8c6502" title="Visualiza información general de la matriz." alt="" coords="848,55,1053,83">
