<area shape="rect" id="node3" href="$d5/d35/class_geometria2_d___triangulos.html#ce4f34d1f5a5edc5a6ba854c350ba67f" title="Asigna como nodo revisado." alt="" coords="212,5,519,33">
<area shape="rect" id="node5" href="$d5/d35/class_geometria2_d___triangulos.html#4da3b66daecb575bbaebfe54b3756e9d" title="Calcula el vector de carga de un elemento &quot;id&quot;." alt="" coords="568,5,933,33">
<area shape="rect" id="node7" href="$d5/d35/class_geometria2_d___triangulos.html#43dd2fd9626fe1baaf4b7e718d3c36c8" title="Calcula los vectores de carga de todos los elementos del dominio." alt="" coords="983,5,1327,33">
<area shape="rect" id="node9" href="$d2/d56/class_f_e_m.html#f703ba89da06a72d85fdda288c02ca12" title="Calcula las matrices de rigidez, de masa y vector de carga de los elementos,." alt="" coords="1376,5,1597,33">
<area shape="rect" id="node11" href="$df/d0a/main_8cpp.html#0ddf1224851353fc92bfbff6f499fa97" title="Programa principal &#45; Soluciona la ecuacion diferencial de transporte de la luz en..." alt="" coords="1647,5,1695,33">
