<area shape="rect" id="node3" href="$d9/d04/class_e_t_r_a_d.html#34ad7ad06ebb87b2dd48ed5d61b298d6" title="Carga del archivo que contiene los datos de absorcion en los distintos subdominios..." alt="" coords="309,5,480,33">
<area shape="rect" id="node9" href="$d5/d35/class_geometria2_d___triangulos.html#a461c9c5e5d5a1fde3f2253a351f4fa4" title="Carga las densidades nodales desde un archivo, cuyos valores fueron obtenidos por..." alt="" coords="217,55,572,83">
<area shape="rect" id="node11" href="$d5/d35/class_geometria2_d___triangulos.html#ff0abe00a2cb92cf0687156afbb9b803" title="Carga la informacion de los Elementos de la geometria desde el archivo en formato..." alt="" coords="257,410,532,438">
<area shape="rect" id="node16" href="$d5/d35/class_geometria2_d___triangulos.html#70e5eb1ebd6ccbffa5a0cf12d33d6aa1" title="Carga la informacion de las Fronteras de la geometria desde el archivo en formato..." alt="" coords="261,207,528,235">
<area shape="rect" id="node19" href="$d9/d04/class_e_t_r_a_d.html#47586aa1df01f51824d809cde91a6fd1" title="Carga el archivo que contiene los datos de las fuentes." alt="" coords="315,106,475,134">
<area shape="rect" id="node22" href="$d8/d4a/class_geometria2_d.html#820416567f0c6544a7f9d2bf51971325" title="Carga la informacion de la imagen binaria del dominio a calcular densidad." alt="" coords="277,258,512,286">
<area shape="rect" id="node24" href="$d5/d35/class_geometria2_d___triangulos.html#a6567796bc94639cde89950e61f0c151" title="Carga la informacion de los Nodos de la geometria desde el archivo en formato Matlab&#45;PDETool..." alt="" coords="271,309,519,337">
<area shape="rect" id="node27" href="$d8/d4a/class_geometria2_d.html#9d75b2278cebc2c00207545990cbce68" title="Carga la informacion de puntos donde se desea obtener densidad." alt="" coords="277,359,512,387">
<area shape="rect" id="node29" href="$d9/d04/class_e_t_r_a_d.html#42afeac61d3d69f05a1eab1bc1bbbf96" title="Carga el archivo que contiene los datos de scattering en los distintos subdominios..." alt="" coords="309,157,480,185">
<area shape="rect" id="node5" href="$d2/d56/class_f_e_m.html#6792c500fd0b5bf2e08dbb77dff47de2" title="Inicializa problema ETRAD (rECORDAR CAMBIAR IMPLEMNETACION Y DEJARLA EN UNA CLASE..." alt="" coords="623,131,841,159">
<area shape="rect" id="node7" href="$df/d0a/main_8cpp.html#0ddf1224851353fc92bfbff6f499fa97" title="Programa principal &#45; Soluciona la ecuacion diferencial de transporte de la luz en..." alt="" coords="892,177,940,205">
<area shape="rect" id="node13" href="$d2/d56/class_f_e_m.html#f645ce4e1d5af2b75657f77a03700055" title="Carga la geometria y calcula las areas de los elementos y matrices de permutacion..." alt="" coords="640,265,824,293">
