<area shape="rect" id="node2" href="$d8/d4a/class_geometria2_d.html" title="Clase base para generar una geometria en 2D." alt="" coords="96,242,192,270">
<area shape="rect" id="node4" href="$df/d5d/class_geometria.html" title="Clase base para generar una geometria." alt="" coords="5,99,85,127">
<area shape="rect" id="node6" href="$df/d98/class_matriz___entera.html" title="Clase para el trabajar con matrices Enteras sin signo." alt="" coords="195,99,296,127">
<area shape="rect" id="node14" href="$d6/db7/class_elemento___triangular.html" title="Clase que define un elemento finito triangular lineal de 3 nodos." alt="" coords="561,242,700,270">
<area shape="rect" id="node8" href="$db/dbc/class_nodo__2_d.html" title="Clase para definir un nodo bidimensional." alt="" coords="405,99,480,127">
<area shape="rect" id="node24" href="$d0/dbd/class_elemento___frontera.html" title="Clase que define los elementos que estan en la frontera del dominio, util para un..." alt="" coords="780,353,911,381">
<area shape="rect" id="node10" href="$da/d18/class_nodo.html" title="Clase utilizada para definir un nodo de un elemento finito." alt="" coords="417,6,468,34">
<area shape="rect" id="node12" href="$dd/d59/class_vector___entero.html" title="Clase para el trabajar con vectores enteros long long sin signo." alt="" coords="984,6,1088,34">
<area shape="rect" id="node16" href="$d9/d09/class_elemento.html" title="Clase que define un elemento finito, donde se indica el tipo de elemento y el indice..." alt="" coords="593,99,668,127">
<area shape="rect" id="node19" href="$d4/d09/class_matriz.html" title="Clase para el trabajar con matrices de tipo double." alt="" coords="767,99,823,127">
<area shape="rect" id="node21" href="$d5/db2/class_vector.html" title="Clase para el trabajar con vectores de tipo double." alt="" coords="891,99,949,127">
