<area shape="rect" id="node3" href="$d9/d85/class_sistema___lineal.html#b5e2f6fd151ec8f14255f2b96aa739f3" title="Sistema_Lineal::Asigna_Indice_FIla" alt="" coords="605,94,832,122">
<area shape="rect" id="node5" href="$d2/d56/class_f_e_m.html#7af0f0176badaa510abdc09c28588c8d" title="Resolucion del sistema de ecuaciones." alt="" coords="908,157,1103,185">
<area shape="rect" id="node9" href="$dd/d59/class_vector___entero.html#2596eedc3604c306b9d9473f0c03882d" title="Copia el vector a otro vector a." alt="" coords="309,106,453,134">
<area shape="rect" id="node11" href="$d2/d56/class_f_e_m.html#7b894b8fda86f5a0b917a24c64b7efb8" title="Adquisicion de datos de la grilla a calcular." alt="" coords="900,233,1111,261">
<area shape="rect" id="node14" href="$d9/d85/class_sistema___lineal.html#2b9e62158dcb700a20e8f429c8c50454" title="Algoritmo LSQR paralelo para matrices dispersas." alt="" coords="587,207,851,235">
<area shape="rect" id="node17" href="$dd/d6d/class_matriz___dispersa.html#ca785dc7b313b03593c78aa358f95c10" title="Producto matriz dispersa por un vector." alt="" coords="257,5,505,33">
<area shape="rect" id="node22" href="$d9/d85/class_sistema___lineal.html#58e4ff1cef59effef111da197b1caf0a" title="Redimensiona un sistema de ecuaciones representados matricialmente con Hashing ,..." alt="" coords="225,309,537,337">
<area shape="rect" id="node7" href="$df/d0a/main_8cpp.html#0ddf1224851353fc92bfbff6f499fa97" title="Programa principal &#45; Soluciona la ecuacion diferencial de transporte de la luz en..." alt="" coords="1161,195,1209,223">
<area shape="rect" id="node19" href="$d9/d85/class_sistema___lineal.html#f2efe219c73509e50385d87a326a7c0e" title="Algoritmo LSQR para matrices dispersas." alt="" coords="615,18,823,46">
