<area shape="rect" id="node3" href="$d2/d56/class_f_e_m.html#715649b42475eb847e1fd32b56283b93" title="Aproximacion nodal a partir de una grilla de puntos." alt="" coords="955,39,1125,67">
<area shape="rect" id="node7" href="$df/d98/class_matriz___entera.html#5d91392a9ce6c81cbb1a4f8f9d2e5bb7" title="Copia el contenido de la matriz a la matriz a." alt="" coords="283,90,427,118">
<area shape="rect" id="node11" href="$d2/d56/class_f_e_m.html#7b894b8fda86f5a0b917a24c64b7efb8" title="Adquisicion de datos de la grilla a calcular." alt="" coords="935,141,1145,169">
<area shape="rect" id="node17" href="$d8/d4a/class_geometria2_d.html#cd7be59d30b8b459bfcd01ca1fca62fa" title="Genera una grilla de puntos a partir de informacion particionada de la grilla y almacena..." alt="" coords="231,191,479,219">
<area shape="rect" id="node23" href="$d1/d5c/class_f_e_m2_d.html#a724dbb683ccf08a52d014a56f4a6864" title="Construye la matriz global A del sistema de ecuaciones a partir de las matrices de..." alt="" coords="211,242,499,270">
<area shape="rect" id="node28" href="$d1/d5c/class_f_e_m2_d.html#516b526f7cb2abdad10f427b26f888fe" title="Construye el vector de cargas global B del sistema de ecuaciones calculada con elementos..." alt="" coords="572,293,860,321">
<area shape="rect" id="node5" href="$df/d0a/main_8cpp.html#0ddf1224851353fc92bfbff6f499fa97" title="Programa principal &#45; Soluciona la ecuacion diferencial de transporte de la luz en..." alt="" coords="1196,179,1244,207">
<area shape="rect" id="node9" href="$d9/daf/class_rutinas___paralelas.html#dd0bee4e28ea9bdb259efc2e7b499d97" title="Almacena la matriz de particiones a partir de una matriz de entrada." alt="" coords="587,39,845,67">
<area shape="rect" id="node14" href="$d9/daf/class_rutinas___paralelas.html#0d4e3ce9e3de9227906a502d2fede195" title="Almacena la matriz de indices de procesadores a partir de un matriz de entrada." alt="" coords="585,90,847,118">
<area shape="rect" id="node19" href="$d5/d35/class_geometria2_d___triangulos.html#6cf1974b5d2e8ad6eb52ea230a26511f" title="Lamada a generar una grilla y almacenar las coordenadas en vectores." alt="" coords="548,191,884,219">
<area shape="rect" id="node25" href="$d1/d5c/class_f_e_m2_d.html#454ecb1640d1701b0eb87bc548f87a57" title="Realiza un llamada al metodo de contruccion de la matriz global A segun la geometria..." alt="" coords="941,217,1139,245">
<area shape="rect" id="node30" href="$d1/d5c/class_f_e_m2_d.html#242ff498f955bda32814ce88841bf933" title="Realiza un llamada al metodo de contruccion de la vector de carga global B segun..." alt="" coords="941,267,1139,295">
