<area shape="rect" id="node2" href="$d9/d09/class_elemento.html" title="Clase que define un elemento finito, donde se indica el tipo de elemento y el indice..." alt="" coords="5,99,80,127">
<area shape="rect" id="node4" href="$df/d98/class_matriz___entera.html" title="Clase para el trabajar con matrices Enteras sin signo." alt="" coords="104,99,205,127">
<area shape="rect" id="node6" href="$d4/d09/class_matriz.html" title="Clase para el trabajar con matrices de tipo double." alt="" coords="229,99,285,127">
<area shape="rect" id="node8" href="$d5/db2/class_vector.html" title="Clase para el trabajar con vectores de tipo double." alt="" coords="408,99,467,127">
<area shape="rect" id="node10" href="$db/dbc/class_nodo__2_d.html" title="Clase para definir un nodo bidimensional." alt="" coords="496,99,571,127">
<area shape="rect" id="node12" href="$da/d18/class_nodo.html" title="Clase utilizada para definir un nodo de un elemento finito." alt="" coords="457,6,508,34">
<area shape="rect" id="node14" href="$dd/d59/class_vector___entero.html" title="Clase para el trabajar con vectores enteros long long sin signo." alt="" coords="532,6,636,34">
