<area shape="rect" id="node3" href="$d1/d70/_e_t_r_a_d_8hpp.html" title="ETRAD.hpp" alt="" coords="108,83,196,111">
<area shape="rect" id="node9" href="$d7/dd9/_f_e_m_8hpp.html" title="FEM.hpp" alt="" coords="59,238,133,266">
<area shape="rect" id="node5" href="$da/d83/_e_t_r_a_d_8cpp.html" title="ETRAD.cpp" alt="" coords="133,161,221,189">
<area shape="rect" id="node7" href="$d1/d8a/_geometria2_d___triangulos_8hpp.html" title="Geometria2D_Triangulos.hpp" alt="" coords="245,161,432,189">
<area shape="rect" id="node19" href="$d9/d4b/_geometria2_d___triangulos_8cpp.html" title="Geometria2D_Triangulos.cpp" alt="" coords="245,238,432,266">
<area shape="rect" id="node11" href="$d8/db6/_f_e_m_8cpp.html" title="FEM.cpp" alt="" coords="5,315,80,343">
<area shape="rect" id="node13" href="$d4/dff/_f_e_m2_d_8hpp.html" title="FEM2D.hpp" alt="" coords="104,315,195,343">
<area shape="rect" id="node15" href="$d8/dcf/_f_e_m2_d_8cpp.html" title="FEM2D.cpp" alt="" coords="51,393,141,421">
<area shape="rect" id="node17" href="$df/d0a/main_8cpp.html" title="main.cpp" alt="" coords="165,393,240,421">
